  $ ../../../../../../../install/default/bin/stanc --auto_format stagnant.stan
data {
  int<lower=0> N;
  real x[N];
  real Y[N];
}
parameters {
  real<lower=0> sigma;
  real<lower=0> alpha;
  real beta[2];
  simplex[N] theta;
}
model {
  real log_probs[N];
  real mu[N];
  theta ~ dirichlet(rep_vector(0.01, N));
  alpha ~ normal(0, 5);
  beta ~ normal(0, 5);
  sigma ~ cauchy(0, 5);
  for (k in 1 : N) {
    for (n in 1 : N) 
      mu[n] <- alpha + if_else(n <= k, beta[1], beta[2]) * (x[n] - x[k]);
    log_probs[k] <- log(theta[k]) + normal_log(Y, mu, sigma);
  }
  increment_log_prob(log_sum_exp(log_probs));
}


Warning: deprecated language construct used in 'stagnant.stan', line 1, column 0:
   -------------------------------------------------
     1:  # Change point model with very poor parameterization from BUGS, vol 2
         ^
     2:  
     3:  // Bradley P. Carlin; Alan E. Gelfand; Adrian F. M. Smith.
   -------------------------------------------------

Comments beginning with # are deprecated. Please use // in place of # for line comments.


Warning: deprecated language construct used in 'stagnant.stan', line 38, column 13:
   -------------------------------------------------
    36:    for (k in 1:N) {
    37:      for (n in 1:N)
    38:        mu[n] <- alpha + if_else(n <= k, beta[1], beta[2]) * (x[n] - x[k]);
                      ^
    39:      log_probs[k] <- log(theta[k]) + normal_log(Y, mu, sigma);
    40:    }
   -------------------------------------------------

assignment operator <- is deprecated in the Stan language; use = instead.


Warning: deprecated language construct used in 'stagnant.stan', line 39, column 18:
   -------------------------------------------------
    37:      for (n in 1:N)
    38:        mu[n] <- alpha + if_else(n <= k, beta[1], beta[2]) * (x[n] - x[k]);
    39:      log_probs[k] <- log(theta[k]) + normal_log(Y, mu, sigma);
                           ^
    40:    }
    41:    increment_log_prob(log_sum_exp(log_probs));
   -------------------------------------------------

assignment operator <- is deprecated in the Stan language; use = instead.


Warning: deprecated language construct used in 'stagnant.stan', line 41, column 19:
   -------------------------------------------------
    39:      log_probs[k] <- log(theta[k]) + normal_log(Y, mu, sigma);
    40:    }
    41:    increment_log_prob(log_sum_exp(log_probs));
                            ^
    42:  }
   -------------------------------------------------

increment_log_prob(...); is deprecated and will be removed in the future. Use target += ...; instead.

  $ ../../../../../../../install/default/bin/stanc --auto_format stagnant2.stan
data {
  int<lower=0> N;
  real x[N];
  real Y[N];
}
parameters {
  real<lower=0> sigma;
  real<lower=0> alpha;
  real beta[2];
  real<lower=min(x), upper=max(x)> x_change;
}
model {
  real mu[N];
  alpha ~ normal(0, 5);
  beta ~ normal(0, 5);
  sigma ~ cauchy(0, 5);
  for (n in 1 : N) 
    mu[n] <- alpha
             + if_else(x[n] < x_change, beta[1], beta[2]) * (x[n] - x_change);
  Y ~ normal(mu, sigma);
}


Warning: deprecated language construct used in 'stagnant2.stan', line 20, column 11:
   -------------------------------------------------
    18:  
    19:    for (n in 1:N)
    20:      mu[n] <- alpha 
                    ^
    21:        + if_else(x[n] < x_change, beta[1], beta[2]) * (x[n] - x_change);
    22:  
   -------------------------------------------------

assignment operator <- is deprecated in the Stan language; use = instead.

