  $ ../../../../../install/default/bin/stanc bad_abs_tol.stan
Semantic error in 'bad_abs_tol.stan', line 30, column 4 to line 32, column 24:
   -------------------------------------------------
    28:  transformed parameters {
    29:    real z[N, 2]
    30:    = ode_bdf_tol(dz_dt, z_init, 0.0, ts,
             ^
    31:              a, 1e-3, 500,
    32:              alpha, beta);
   -------------------------------------------------

Ill-typed arguments supplied to function 'ode_bdf_tol':
(<F1>, array[] real, real, array[] real, array[] real, real, int, real, real)
where F1 = (real, array[] real, real, real) => array[] real
Available signatures:
(<F2>, vector, real, array[] real, data real, data real, data int) => vector
where F2 = (real, vector) => vector
  The first argument must be
   (real, vector) => vector
  but got
   (real, array[] real, real, real) => array[] real
  These are not compatible because:
    The types for the second argument are incompatible: one is
     array[] real
    but the other is
     vector
  $ ../../../../../install/default/bin/stanc bad_initial_state.stan
Semantic error in 'bad_initial_state.stan', line 29, column 4 to line 31, column 24:
   -------------------------------------------------
    27:  transformed parameters {
    28:    real z[N, 2]
    29:    = ode_bdf_tol(dz_dt, z_init, 0.0, ts,
             ^
    30:              1e-5, 1e-3, 500,
    31:              alpha, beta);
   -------------------------------------------------

Ill-typed arguments supplied to function 'ode_bdf_tol':
(<F1>, real, real, array[] real, real, real, int, real, real)
where F1 = (real, array[] real, real, real) => array[] real
Available signatures:
(<F2>, vector, real, array[] real, data real, data real, data int) => vector
where F2 = (real, vector) => vector
  The first argument must be
   (real, vector) => vector
  but got
   (real, array[] real, real, real) => array[] real
  These are not compatible because:
    The types for the second argument are incompatible: one is
     array[] real
    but the other is
     vector
  $ ../../../../../install/default/bin/stanc bad_initial_time.stan
Semantic error in 'bad_initial_time.stan', line 30, column 4 to line 32, column 24:
   -------------------------------------------------
    28:  transformed parameters {
    29:    real z[N, 2]
    30:    = ode_bdf_tol(dz_dt, z_init, t, ts,
             ^
    31:              1e-5, 1e-3, 500,
    32:              alpha, beta);
   -------------------------------------------------

Ill-typed arguments supplied to function 'ode_bdf_tol':
(<F1>, array[] real, vector, array[] real, real, real, int, real, real)
where F1 = (real, array[] real, real, real) => array[] real
Available signatures:
(<F2>, vector, real, array[] real, data real, data real, data int) => vector
where F2 = (real, vector) => vector
  The first argument must be
   (real, vector) => vector
  but got
   (real, array[] real, real, real) => array[] real
  These are not compatible because:
    The types for the second argument are incompatible: one is
     array[] real
    but the other is
     vector
  $ ../../../../../install/default/bin/stanc bad_max_num_steps.stan
Semantic error in 'bad_max_num_steps.stan', line 30, column 4 to line 32, column 24:
   -------------------------------------------------
    28:  transformed parameters {
    29:    real z[N, 2]
    30:    = ode_bdf_tol(dz_dt, z_init, 0.0, ts,
             ^
    31:              1e-5, 1e-3, a,
    32:              alpha, beta);
   -------------------------------------------------

Ill-typed arguments supplied to function 'ode_bdf_tol':
(<F1>, array[] real, real, array[] real, real, real, array[] real, real, real)
where F1 = (real, array[] real, real, real) => array[] real
Available signatures:
(<F2>, vector, real, array[] real, data real, data real, data int) => vector
where F2 = (real, vector) => vector
  The first argument must be
   (real, vector) => vector
  but got
   (real, array[] real, real, real) => array[] real
  These are not compatible because:
    The types for the second argument are incompatible: one is
     array[] real
    but the other is
     vector
  $ ../../../../../install/default/bin/stanc bad_no_args.stan
Semantic error in 'bad_no_args.stan', line 25, column 4 to line 26, column 28:
   -------------------------------------------------
    23:  transformed parameters {
    24:    real z[N, 2]
    25:    = ode_bdf_tol(dz_dt, z_init, 0.0, ts,
             ^
    26:              1e-5, 1e-3, 500);
    27:  }
   -------------------------------------------------

Ill-typed arguments supplied to function 'ode_bdf_tol':
(<F1>, array[] real, real, array[] real, real, real, int)
where F1 = (real, array[] real) => array[] real
Available signatures:
(<F2>, vector, real, array[] real, data real, data real, data int) => vector
where F2 = (real, vector) => vector
  The first argument must be
   (real, vector) => vector
  but got
   (real, array[] real) => array[] real
  These are not compatible because:
    The types for the second argument are incompatible: one is
     array[] real
    but the other is
     vector
  $ ../../../../../install/default/bin/stanc bad_non_matching_args.stan
Semantic error in 'bad_non_matching_args.stan', line 29, column 4 to line 31, column 24:
   -------------------------------------------------
    27:  transformed parameters {
    28:    real z[N, 2]
    29:    = ode_bdf_tol(dz_dt, z_init, 0.0, ts,
             ^
    30:              1e-5, 1e-3, 500,
    31:              alpha, beta);
   -------------------------------------------------

Ill-typed arguments supplied to function 'ode_bdf_tol':
(<F1>, array[] real, real, array[] real, real, real, int, real, real)
where F1 = (real, array[] real, real, array[] real) => array[] real
Available signatures:
(<F2>, vector, real, array[] real, data real, data real, data int) => vector
where F2 = (real, vector) => vector
  The first argument must be
   (real, vector) => vector
  but got
   (real, array[] real, real, array[] real) => array[] real
  These are not compatible because:
    The types for the second argument are incompatible: one is
     array[] real
    but the other is
     vector
  $ ../../../../../install/default/bin/stanc bad_one_arg.stan
Semantic error in 'bad_one_arg.stan', line 27, column 4 to line 29, column 18:
   -------------------------------------------------
    25:  transformed parameters {
    26:    real z[N, 2]
    27:    = ode_bdf_tol(dz_dt, z_init, 0.0, ts,
             ^
    28:              1e-5, 1e-3, 500,
    29:              alpha);
   -------------------------------------------------

Ill-typed arguments supplied to function 'ode_bdf_tol':
(<F1>, array[] real, real, array[] real, real, real, int, real)
where F1 = (real, array[] real, real) => array[] real
Available signatures:
(<F2>, vector, real, array[] real, data real, data real, data int) => vector
where F2 = (real, vector) => vector
  The first argument must be
   (real, vector) => vector
  but got
   (real, array[] real, real) => array[] real
  These are not compatible because:
    The types for the second argument are incompatible: one is
     array[] real
    but the other is
     vector
  $ ../../../../../install/default/bin/stanc bad_rel_tol.stan
Semantic error in 'bad_rel_tol.stan', line 30, column 4 to line 32, column 24:
   -------------------------------------------------
    28:  transformed parameters {
    29:    real z[N, 2]
    30:    = ode_bdf_tol(dz_dt, z_init, 0.0, ts,
             ^
    31:              1e-5, a, 500,
    32:              alpha, beta);
   -------------------------------------------------

Ill-typed arguments supplied to function 'ode_bdf_tol':
(<F1>, array[] real, real, array[] real, real, array[] real, int, real, real)
where F1 = (real, array[] real, real, real) => array[] real
Available signatures:
(<F2>, vector, real, array[] real, data real, data real, data int) => vector
where F2 = (real, vector) => vector
  The first argument must be
   (real, vector) => vector
  but got
   (real, array[] real, real, real) => array[] real
  These are not compatible because:
    The types for the second argument are incompatible: one is
     array[] real
    but the other is
     vector
  $ ../../../../../install/default/bin/stanc bad_times.stan
Semantic error in 'bad_times.stan', line 30, column 4 to line 31, column 24:
   -------------------------------------------------
    28:  transformed parameters {
    29:    real z[N, 2]
    30:    = ode_bdf(dz_dt, z_init, 0.0, ts,
             ^
    31:              alpha, beta);
    32:  }
   -------------------------------------------------

Ill-typed arguments supplied to function 'ode_bdf':
(<F1>, array[] real, real, array[] vector, real, real)
where F1 = (real, array[] real, real, real) => array[] real
Available signatures:
(<F2>, vector, real, array[] real) => vector
where F2 = (real, vector) => vector
  The first argument must be
   (real, vector) => vector
  but got
   (real, array[] real, real, real) => array[] real
  These are not compatible because:
    The types for the second argument are incompatible: one is
     array[] real
    but the other is
     vector
  $ ../../../../../install/default/bin/stanc bad_times_tol.stan
Semantic error in 'bad_times_tol.stan', line 30, column 4 to line 32, column 24:
   -------------------------------------------------
    28:  transformed parameters {
    29:    real z[N, 2]
    30:    = ode_bdf_tol(dz_dt, z_init, 0.0, ts,
             ^
    31:              1e-5, 1e-3, 500,
    32:              alpha, beta);
   -------------------------------------------------

Ill-typed arguments supplied to function 'ode_bdf_tol':
(<F1>, array[] real, real, array[] vector, real, real, int, real, real)
where F1 = (real, array[] real, real, real) => array[] real
Available signatures:
(<F2>, vector, real, array[] real, data real, data real, data int) => vector
where F2 = (real, vector) => vector
  The first argument must be
   (real, vector) => vector
  but got
   (real, array[] real, real, real) => array[] real
  These are not compatible because:
    The types for the second argument are incompatible: one is
     array[] real
    but the other is
     vector
