  $ ../../../../../../install/default/bin/stanc --auto_format soil_incubation.stan
functions {
  real[] two_pool_feedback(real t, real[] C, real[] theta, real[] x_r,
                           int[] x_i) {
    real k1;
    real k2;
    real alpha21;
    real alpha12;
    real dC_dt[2];
    k1 <- theta[1];
    k2 <- theta[2];
    alpha21 <- theta[3];
    alpha12 <- theta[4];
    dC_dt[1] <- -k1 * C[1] + alpha12 * k2 * C[2];
    dC_dt[2] <- -k2 * C[2] + alpha21 * k1 * C[1];
    return dC_dt;
  }
  real[] evolved_CO2(int N_t, data real t0, data real[] ts, real gamma,
                     real totalC_t0, real k1, real k2, real alpha21,
                     real alpha12, data real[] x_r, data int[] x_i) {
    real C_t0[2];
    real theta[4];
    real C_hat[N_t, 2];
    real eCO2_hat[N_t];
    C_t0[1] <- gamma * totalC_t0;
    C_t0[2] <- (1 - gamma) * totalC_t0;
    theta[1] <- k1;
    theta[2] <- k2;
    theta[3] <- alpha21;
    theta[4] <- alpha12;
    C_hat <- integrate_ode(two_pool_feedback, C_t0, t0, ts, theta, x_r, x_i);
    for (t in 1 : N_t) 
      eCO2_hat[t] <- totalC_t0 - sum(C_hat[t]);
    return eCO2_hat;
  }
}
data {
  real<lower=0> totalC_t0;
  real t0;
  int<lower=0> N_t;
  real<lower=t0> ts[N_t];
  real<lower=0> eCO2mean[N_t];
}
transformed data {
  real x_r[0];
  int x_i[0];
}
parameters {
  real<lower=0> k1;
  real<lower=0> k2;
  real<lower=0> alpha21;
  real<lower=0> alpha12;
  real<lower=0, upper=1> gamma;
  real<lower=0> sigma;
}
transformed parameters {
  real eCO2_hat[N_t];
  eCO2_hat <- evolved_CO2(N_t, t0, ts, gamma, totalC_t0, k1, k2, alpha21,
                          alpha12, x_r, x_i);
}
model {
  gamma ~ beta(10, 1);
  k1 ~ normal(0, 1);
  k2 ~ normal(0, 1);
  alpha21 ~ normal(0, 1);
  alpha12 ~ normal(0, 1);
  sigma ~ cauchy(0, 1);
  for (t in 1 : N_t) 
    eCO2mean[t] ~ normal(eCO2_hat[t], sigma);
}


Warning: deprecated language construct used in 'soil_incubation.stan', line 43, column 8:
   -------------------------------------------------
    41:      real dC_dt[2];
    42:  
    43:      k1 <- theta[1];
                 ^
    44:      k2 <- theta[2];
    45:      alpha21 <- theta[3];
   -------------------------------------------------

assignment operator <- is deprecated in the Stan language; use = instead.


Warning: deprecated language construct used in 'soil_incubation.stan', line 44, column 8:
   -------------------------------------------------
    42:  
    43:      k1 <- theta[1];
    44:      k2 <- theta[2];
                 ^
    45:      alpha21 <- theta[3];
    46:      alpha12 <- theta[4];
   -------------------------------------------------

assignment operator <- is deprecated in the Stan language; use = instead.


Warning: deprecated language construct used in 'soil_incubation.stan', line 45, column 13:
   -------------------------------------------------
    43:      k1 <- theta[1];
    44:      k2 <- theta[2];
    45:      alpha21 <- theta[3];
                      ^
    46:      alpha12 <- theta[4];
    47:      
   -------------------------------------------------

assignment operator <- is deprecated in the Stan language; use = instead.


Warning: deprecated language construct used in 'soil_incubation.stan', line 46, column 13:
   -------------------------------------------------
    44:      k2 <- theta[2];
    45:      alpha21 <- theta[3];
    46:      alpha12 <- theta[4];
                      ^
    47:      
    48:      dC_dt[1] <- -k1 * C[1] + alpha12 * k2 * C[2];
   -------------------------------------------------

assignment operator <- is deprecated in the Stan language; use = instead.


Warning: deprecated language construct used in 'soil_incubation.stan', line 48, column 14:
   -------------------------------------------------
    46:      alpha12 <- theta[4];
    47:      
    48:      dC_dt[1] <- -k1 * C[1] + alpha12 * k2 * C[2];
                       ^
    49:      dC_dt[2] <- - k2 * C[2] + alpha21 * k1 * C[1] ;
    50:  
   -------------------------------------------------

assignment operator <- is deprecated in the Stan language; use = instead.


Warning: deprecated language construct used in 'soil_incubation.stan', line 49, column 14:
   -------------------------------------------------
    47:      
    48:      dC_dt[1] <- -k1 * C[1] + alpha12 * k2 * C[2];
    49:      dC_dt[2] <- - k2 * C[2] + alpha21 * k1 * C[1] ;
                       ^
    50:  
    51:      return dC_dt;
   -------------------------------------------------

assignment operator <- is deprecated in the Stan language; use = instead.


Warning: deprecated language construct used in 'soil_incubation.stan', line 85, column 13:
   -------------------------------------------------
    83:      real eCO2_hat[N_t];
    84:  
    85:      C_t0[1] <- gamma * totalC_t0;
                      ^
    86:      C_t0[2] <- (1 - gamma) * totalC_t0;
    87:  
   -------------------------------------------------

assignment operator <- is deprecated in the Stan language; use = instead.


Warning: deprecated language construct used in 'soil_incubation.stan', line 86, column 13:
   -------------------------------------------------
    84:  
    85:      C_t0[1] <- gamma * totalC_t0;
    86:      C_t0[2] <- (1 - gamma) * totalC_t0;
                      ^
    87:  
    88:      theta[1] <- k1;
   -------------------------------------------------

assignment operator <- is deprecated in the Stan language; use = instead.


Warning: deprecated language construct used in 'soil_incubation.stan', line 88, column 14:
   -------------------------------------------------
    86:      C_t0[2] <- (1 - gamma) * totalC_t0;
    87:  
    88:      theta[1] <- k1;
                       ^
    89:      theta[2] <- k2;
    90:      theta[3] <- alpha21;
   -------------------------------------------------

assignment operator <- is deprecated in the Stan language; use = instead.


Warning: deprecated language construct used in 'soil_incubation.stan', line 89, column 14:
   -------------------------------------------------
    87:  
    88:      theta[1] <- k1;
    89:      theta[2] <- k2;
                       ^
    90:      theta[3] <- alpha21;
    91:      theta[4] <- alpha12;
   -------------------------------------------------

assignment operator <- is deprecated in the Stan language; use = instead.


Warning: deprecated language construct used in 'soil_incubation.stan', line 90, column 14:
   -------------------------------------------------
    88:      theta[1] <- k1;
    89:      theta[2] <- k2;
    90:      theta[3] <- alpha21;
                       ^
    91:      theta[4] <- alpha12;
    92:  
   -------------------------------------------------

assignment operator <- is deprecated in the Stan language; use = instead.


Warning: deprecated language construct used in 'soil_incubation.stan', line 91, column 14:
   -------------------------------------------------
    89:      theta[2] <- k2;
    90:      theta[3] <- alpha21;
    91:      theta[4] <- alpha12;
                       ^
    92:  
    93:      C_hat <- integrate_ode(two_pool_feedback, 
   -------------------------------------------------

assignment operator <- is deprecated in the Stan language; use = instead.


Warning: deprecated language construct used in 'soil_incubation.stan', line 93, column 11:
   -------------------------------------------------
    91:      theta[4] <- alpha12;
    92:  
    93:      C_hat <- integrate_ode(two_pool_feedback, 
                    ^
    94:                             C_t0, t0, ts, theta, x_r, x_i);
    95:  
   -------------------------------------------------

assignment operator <- is deprecated in the Stan language; use = instead.


Warning: deprecated language construct used in 'soil_incubation.stan', line 97, column 19:
   -------------------------------------------------
    95:  
    96:      for (t in 1:N_t)
    97:        eCO2_hat[t] <- totalC_t0 - sum(C_hat[t]);
                            ^
    98:      return eCO2_hat;
    99:    }
   -------------------------------------------------

assignment operator <- is deprecated in the Stan language; use = instead.


Warning: deprecated language construct used in 'soil_incubation.stan', line 129, column 12:
   -------------------------------------------------
   127:  transformed parameters {
   128:    real eCO2_hat[N_t];
   129:    eCO2_hat <- evolved_CO2(N_t, t0, ts, gamma, totalC_t0,
                     ^
   130:                            k1, k2, alpha21, alpha12, x_r, x_i);
   131:  }
   -------------------------------------------------

assignment operator <- is deprecated in the Stan language; use = instead.

  $ ../../../../../../install/default/bin/stanc --auto_format soil_incubation_measurement_err.stan
functions {
  real[] two_pool_feedback(real t, real[] C, real[] theta, real[] x_r,
                           int[] x_i) {
    real k1;
    real k2;
    real alpha21;
    real alpha12;
    real dC_dt[2];
    k1 <- theta[1];
    k2 <- theta[2];
    alpha21 <- theta[3];
    alpha12 <- theta[4];
    dC_dt[1] <- -k1 * C[1] + alpha12 * k2 * C[2];
    dC_dt[2] <- alpha21 * k1 * C[1] - k2 * C[2];
    return dC_dt;
  }
  real[] evolved_CO2(int N_t, data real t0, data real[] ts, real gamma,
                     real totalC_t0, real k1, real k2, real alpha21,
                     real alpha12, data real[] x_r, data int[] x_i) {
    real C_t0[2];
    real theta[4];
    real C_hat[N_t, 2];
    real eCO2_hat[N_t];
    C_t0[1] <- gamma * totalC_t0;
    C_t0[2] <- (1 - gamma) * totalC_t0;
    theta[1] <- k1;
    theta[2] <- k2;
    theta[3] <- alpha21;
    theta[4] <- alpha12;
    C_hat <- integrate_ode(two_pool_feedback, C_t0, t0, ts, theta, x_r, x_i);
    for (t in 1 : N_t) 
      eCO2_hat[t] <- totalC_t0 - sum(C_hat[t]);
    return eCO2_hat;
  }
}
data {
  real<lower=0> totalC_t0;
  real t0;
  int<lower=0> N_t;
  real<lower=t0> ts[N_t];
  vector<lower=0>[N_t] eCO2mean;
  real<lower=0> eCO2sd[N_t];
}
transformed data {
  real x_r[0];
  int x_i[0];
}
parameters {
  real<lower=0> k1;
  real<lower=0> k2;
  real<lower=0> alpha21;
  real<lower=0> alpha12;
  real<lower=0, upper=1> gamma;
  real<lower=0> sigma;
  vector<lower=0>[N_t] eCO2;
}
transformed parameters {
  real eCO2_hat[N_t];
  eCO2_hat <- evolved_CO2(N_t, t0, ts, gamma, totalC_t0, k1, k2, alpha21,
                          alpha12, x_r, x_i);
}
model {
  gamma ~ beta(10, 1);
  k1 ~ normal(0, 1);
  k2 ~ normal(0, 1);
  alpha21 ~ normal(0, 1);
  alpha12 ~ normal(0, 1);
  sigma ~ normal(0, 1);
  eCO2 ~ normal(eCO2_hat, sigma);
  eCO2mean ~ normal(eCO2, eCO2sd);
}


Warning: deprecated language construct used in 'soil_incubation_measurement_err.stan', line 12, column 8:
   -------------------------------------------------
    10:      real dC_dt[2];
    11:  
    12:      k1 <- theta[1];
                 ^
    13:      k2 <- theta[2];
    14:      alpha21 <- theta[3];
   -------------------------------------------------

assignment operator <- is deprecated in the Stan language; use = instead.


Warning: deprecated language construct used in 'soil_incubation_measurement_err.stan', line 13, column 8:
   -------------------------------------------------
    11:  
    12:      k1 <- theta[1];
    13:      k2 <- theta[2];
                 ^
    14:      alpha21 <- theta[3];
    15:      alpha12 <- theta[4];
   -------------------------------------------------

assignment operator <- is deprecated in the Stan language; use = instead.


Warning: deprecated language construct used in 'soil_incubation_measurement_err.stan', line 14, column 13:
   -------------------------------------------------
    12:      k1 <- theta[1];
    13:      k2 <- theta[2];
    14:      alpha21 <- theta[3];
                      ^
    15:      alpha12 <- theta[4];
    16:      
   -------------------------------------------------

assignment operator <- is deprecated in the Stan language; use = instead.


Warning: deprecated language construct used in 'soil_incubation_measurement_err.stan', line 15, column 13:
   -------------------------------------------------
    13:      k2 <- theta[2];
    14:      alpha21 <- theta[3];
    15:      alpha12 <- theta[4];
                      ^
    16:      
    17:      dC_dt[1] <- -k1 * C[1] + alpha12 * k2 * C[2];
   -------------------------------------------------

assignment operator <- is deprecated in the Stan language; use = instead.


Warning: deprecated language construct used in 'soil_incubation_measurement_err.stan', line 17, column 14:
   -------------------------------------------------
    15:      alpha12 <- theta[4];
    16:      
    17:      dC_dt[1] <- -k1 * C[1] + alpha12 * k2 * C[2];
                       ^
    18:      dC_dt[2] <- alpha21 * k1 * C[1] - k2 * C[2];
    19:  
   -------------------------------------------------

assignment operator <- is deprecated in the Stan language; use = instead.


Warning: deprecated language construct used in 'soil_incubation_measurement_err.stan', line 18, column 14:
   -------------------------------------------------
    16:      
    17:      dC_dt[1] <- -k1 * C[1] + alpha12 * k2 * C[2];
    18:      dC_dt[2] <- alpha21 * k1 * C[1] - k2 * C[2];
                       ^
    19:  
    20:      return dC_dt;
   -------------------------------------------------

assignment operator <- is deprecated in the Stan language; use = instead.


Warning: deprecated language construct used in 'soil_incubation_measurement_err.stan', line 35, column 13:
   -------------------------------------------------
    33:      real eCO2_hat[N_t];
    34:  
    35:      C_t0[1] <- gamma * totalC_t0;
                      ^
    36:      C_t0[2] <- (1 - gamma) * totalC_t0;
    37:  
   -------------------------------------------------

assignment operator <- is deprecated in the Stan language; use = instead.


Warning: deprecated language construct used in 'soil_incubation_measurement_err.stan', line 36, column 13:
   -------------------------------------------------
    34:  
    35:      C_t0[1] <- gamma * totalC_t0;
    36:      C_t0[2] <- (1 - gamma) * totalC_t0;
                      ^
    37:  
    38:      theta[1] <- k1;
   -------------------------------------------------

assignment operator <- is deprecated in the Stan language; use = instead.


Warning: deprecated language construct used in 'soil_incubation_measurement_err.stan', line 38, column 14:
   -------------------------------------------------
    36:      C_t0[2] <- (1 - gamma) * totalC_t0;
    37:  
    38:      theta[1] <- k1;
                       ^
    39:      theta[2] <- k2;
    40:      theta[3] <- alpha21;
   -------------------------------------------------

assignment operator <- is deprecated in the Stan language; use = instead.


Warning: deprecated language construct used in 'soil_incubation_measurement_err.stan', line 39, column 14:
   -------------------------------------------------
    37:  
    38:      theta[1] <- k1;
    39:      theta[2] <- k2;
                       ^
    40:      theta[3] <- alpha21;
    41:      theta[4] <- alpha12;
   -------------------------------------------------

assignment operator <- is deprecated in the Stan language; use = instead.


Warning: deprecated language construct used in 'soil_incubation_measurement_err.stan', line 40, column 14:
   -------------------------------------------------
    38:      theta[1] <- k1;
    39:      theta[2] <- k2;
    40:      theta[3] <- alpha21;
                       ^
    41:      theta[4] <- alpha12;
    42:  
   -------------------------------------------------

assignment operator <- is deprecated in the Stan language; use = instead.


Warning: deprecated language construct used in 'soil_incubation_measurement_err.stan', line 41, column 14:
   -------------------------------------------------
    39:      theta[2] <- k2;
    40:      theta[3] <- alpha21;
    41:      theta[4] <- alpha12;
                       ^
    42:  
    43:      C_hat <- integrate_ode(two_pool_feedback, 
   -------------------------------------------------

assignment operator <- is deprecated in the Stan language; use = instead.


Warning: deprecated language construct used in 'soil_incubation_measurement_err.stan', line 43, column 11:
   -------------------------------------------------
    41:      theta[4] <- alpha12;
    42:  
    43:      C_hat <- integrate_ode(two_pool_feedback, 
                    ^
    44:                             C_t0, t0, ts, theta, x_r, x_i);
    45:  
   -------------------------------------------------

assignment operator <- is deprecated in the Stan language; use = instead.


Warning: deprecated language construct used in 'soil_incubation_measurement_err.stan', line 47, column 19:
   -------------------------------------------------
    45:  
    46:      for (t in 1:N_t)
    47:        eCO2_hat[t] <- totalC_t0 - sum(C_hat[t]);
                            ^
    48:      return eCO2_hat;
    49:    }
   -------------------------------------------------

assignment operator <- is deprecated in the Stan language; use = instead.


Warning: deprecated language construct used in 'soil_incubation_measurement_err.stan', line 81, column 12:
   -------------------------------------------------
    79:  transformed parameters {
    80:    real eCO2_hat[N_t];
    81:    eCO2_hat <- evolved_CO2(N_t, t0, ts, gamma, totalC_t0,
                     ^
    82:                            k1, k2, alpha21, alpha12, x_r, x_i);
    83:  }
   -------------------------------------------------

assignment operator <- is deprecated in the Stan language; use = instead.

