  $ ../../../../../../install/default/bin/stanc --auto_format logodds-jac.stan
data {
  int<lower=0> N;
  int<lower=0, upper=1> y[N];
}
parameters {
  real alpha;
}
transformed parameters {
  real<lower=0, upper=1> theta;
  theta <- inv_logit(alpha);
}
model {
  for (n in 1 : N) 
    y[n] ~ bernoulli(theta);
  theta ~ uniform(0, 1);
  increment_log_prob(log(theta) + log(1 - theta));
}


Warning: deprecated language construct used in 'logodds-jac.stan', line 10, column 9:
   -------------------------------------------------
     8:  transformed parameters {
     9:    real<lower=0, upper=1> theta;
    10:    theta <- inv_logit(alpha);
                  ^
    11:  }
    12:  model {
   -------------------------------------------------

assignment operator <- is deprecated in the Stan language; use = instead.


Warning: deprecated language construct used in 'logodds-jac.stan', line 16, column 19:
   -------------------------------------------------
    14:      y[n] ~ bernoulli(theta);
    15:    theta ~ uniform(0, 1);
    16:    increment_log_prob(log(theta) + log(1 - theta));
                            ^
    17:  }
   -------------------------------------------------

increment_log_prob(...); is deprecated and will be removed in the future. Use target += ...; instead.

  $ ../../../../../../install/default/bin/stanc --auto_format logodds.stan
data {
  int<lower=0> N;
  int<lower=0, upper=1> y[N];
}
parameters {
  real alpha;
}
transformed parameters {
  real<lower=0, upper=1> theta;
  theta <- inv_logit(alpha);
}
model {
  for (n in 1 : N) 
    y[n] ~ bernoulli(theta);
  theta ~ uniform(0, 1);
}


Warning: deprecated language construct used in 'logodds.stan', line 10, column 9:
   -------------------------------------------------
     8:  transformed parameters {
     9:    real<lower=0, upper=1> theta;
    10:    theta <- inv_logit(alpha);
                  ^
    11:  }
    12:  model {
   -------------------------------------------------

assignment operator <- is deprecated in the Stan language; use = instead.

  $ ../../../../../../install/default/bin/stanc --auto_format prob.stan
data {
  int<lower=0> N;
  int<lower=0, upper=1> y[N];
}
parameters {
  real<lower=0, upper=1> theta;
}
model {
  for (n in 1 : N) 
    y[n] ~ bernoulli(theta);
  theta ~ uniform(0, 1);
}

