  $ ../../../../../../../install/default/bin/stanc --auto_format salm.stan
data {
  int<lower=0> Ndoses;
  int<lower=0> Nplates;
  int<lower=0> y[Ndoses, Nplates];
  real x[Ndoses];
}
transformed data {
  real logx[Ndoses];
  real mean_x;
  real mean_logx;
  real centered_x[Ndoses];
  real centered_logx[Ndoses];
  mean_x <- mean(x);
  for (dose in 1 : Ndoses) 
    centered_x[dose] <- x[dose] - mean_x;
  for (dose in 1 : Ndoses) 
    logx[dose] <- log(x[dose] + 10);
  mean_logx <- mean(logx);
  for (dose in 1 : Ndoses) 
    centered_logx[dose] <- logx[dose] - mean_logx;
}
parameters {
  real alpha_star;
  real beta;
  real gamma;
  real<lower=0> tau;
  vector[Nplates] lambda[Ndoses];
}
transformed parameters {
  real<lower=0> sigma;
  real alpha;
  alpha <- alpha_star - beta * mean_logx - gamma * mean_x;
  sigma <- 1.0 / sqrt(tau);
}
model {
  alpha_star ~ normal(0.0, 1.0E3);
  beta ~ normal(0.0, 1000);
  gamma ~ normal(0.0, 1000);
  tau ~ gamma(0.001, 0.001);
  for (dose in 1 : Ndoses) {
    lambda[dose] ~ normal(0.0, sigma);
    y[dose] ~ poisson_log(alpha_star + beta * centered_logx[dose]
                          + gamma * centered_x[dose] + lambda[dose]);
  }
}


Warning: deprecated language construct used in 'salm.stan', line 1, column 0:
   -------------------------------------------------
     1:  ##  http://www.openbugs.net/Examples/Salm.html
         ^
     2:  ##  this matches the jags implementation
     3:  data {
   -------------------------------------------------

Comments beginning with # are deprecated. Please use // in place of # for line comments.


Warning: deprecated language construct used in 'salm.stan', line 2, column 0:
   -------------------------------------------------
     1:  ##  http://www.openbugs.net/Examples/Salm.html
     2:  ##  this matches the jags implementation
         ^
     3:  data {
     4:      int<lower=0> Ndoses;
   -------------------------------------------------

Comments beginning with # are deprecated. Please use // in place of # for line comments.


Warning: deprecated language construct used in 'salm.stan', line 16, column 12:
   -------------------------------------------------
    14:      real centered_logx[Ndoses];
    15:  
    16:      mean_x <- mean(x);
                     ^
    17:      for (dose in 1:Ndoses)
    18:          centered_x[dose] <- x[dose] - mean_x;
   -------------------------------------------------

assignment operator <- is deprecated in the Stan language; use = instead.


Warning: deprecated language construct used in 'salm.stan', line 18, column 26:
   -------------------------------------------------
    16:      mean_x <- mean(x);
    17:      for (dose in 1:Ndoses)
    18:          centered_x[dose] <- x[dose] - mean_x;
                                   ^
    19:  
    20:      for (dose in 1:Ndoses)
   -------------------------------------------------

assignment operator <- is deprecated in the Stan language; use = instead.


Warning: deprecated language construct used in 'salm.stan', line 21, column 20:
   -------------------------------------------------
    19:  
    20:      for (dose in 1:Ndoses)
    21:          logx[dose] <- log(x[dose] + 10);
                             ^
    22:      mean_logx <- mean(logx);
    23:      for (dose in 1:Ndoses)
   -------------------------------------------------

assignment operator <- is deprecated in the Stan language; use = instead.


Warning: deprecated language construct used in 'salm.stan', line 22, column 15:
   -------------------------------------------------
    20:      for (dose in 1:Ndoses)
    21:          logx[dose] <- log(x[dose] + 10);
    22:      mean_logx <- mean(logx);
                        ^
    23:      for (dose in 1:Ndoses)
    24:          centered_logx[dose] <- logx[dose] - mean_logx;
   -------------------------------------------------

assignment operator <- is deprecated in the Stan language; use = instead.


Warning: deprecated language construct used in 'salm.stan', line 24, column 29:
   -------------------------------------------------
    22:      mean_logx <- mean(logx);
    23:      for (dose in 1:Ndoses)
    24:          centered_logx[dose] <- logx[dose] - mean_logx;
                                      ^
    25:  }
    26:  parameters {
   -------------------------------------------------

assignment operator <- is deprecated in the Stan language; use = instead.


Warning: deprecated language construct used in 'salm.stan', line 37, column 11:
   -------------------------------------------------
    35:      real alpha;
    36:  
    37:      alpha <- alpha_star - beta * mean_logx - gamma * mean_x;
                    ^
    38:      sigma <- 1.0 / sqrt(tau);
    39:  }
   -------------------------------------------------

assignment operator <- is deprecated in the Stan language; use = instead.


Warning: deprecated language construct used in 'salm.stan', line 38, column 11:
   -------------------------------------------------
    36:  
    37:      alpha <- alpha_star - beta * mean_logx - gamma * mean_x;
    38:      sigma <- 1.0 / sqrt(tau);
                    ^
    39:  }
    40:  
   -------------------------------------------------

assignment operator <- is deprecated in the Stan language; use = instead.

  $ ../../../../../../../install/default/bin/stanc --auto_format salm2.stan
data {
  int<lower=0> Ndoses;
  int<lower=0> Nplates;
  int<lower=0> y[Ndoses, Nplates];
  real<lower=0> x[Ndoses];
}
parameters {
  real alpha;
  real beta;
  real gamma;
  real<lower=0> tau;
  vector[Nplates] lambda[Ndoses];
}
transformed parameters {
  real<lower=0> sigma;
  sigma <- 1.0 / sqrt(tau);
}
model {
  alpha ~ normal(0.0, 100);
  beta ~ normal(0.0, 100);
  gamma ~ normal(0.0, 1.0E5);
  tau ~ gamma(0.001, 0.001);
  for (dose in 1 : Ndoses) {
    lambda[dose] ~ normal(0.0, sigma);
    y[dose] ~ poisson_log(alpha + beta * log(x[dose] + 10) + gamma * x[dose]
                          + lambda[dose]);
  }
}


Warning: deprecated language construct used in 'salm2.stan', line 1, column 0:
   -------------------------------------------------
     1:  ##  http://www.openbugs.net/Examples/Salm.html
         ^
     2:  
     3:  ## the version without centering x's 
   -------------------------------------------------

Comments beginning with # are deprecated. Please use // in place of # for line comments.


Warning: deprecated language construct used in 'salm2.stan', line 3, column 0:
   -------------------------------------------------
     1:  ##  http://www.openbugs.net/Examples/Salm.html
     2:  
     3:  ## the version without centering x's 
         ^
     4:  data {
     5:      int<lower=0>  Ndoses;
   -------------------------------------------------

Comments beginning with # are deprecated. Please use // in place of # for line comments.


Warning: deprecated language construct used in 'salm2.stan', line 19, column 11:
   -------------------------------------------------
    17:  transformed parameters {
    18:      real<lower=0> sigma;
    19:      sigma <- 1.0 / sqrt(tau);
                    ^
    20:  }
    21:  model {
   -------------------------------------------------

assignment operator <- is deprecated in the Stan language; use = instead.

