  $ ../../../../../../install/default/bin/stanc --auto_format hierarchical_2pl.stan
data {
  int<lower=1> I;
  int<lower=1> J;
  int<lower=1> N;
  int<lower=1, upper=I> ii[N];
  int<lower=1, upper=J> jj[N];
  int<lower=0, upper=1> y[N];
}
parameters {
  vector[J] theta;
  vector[2] xi[I];
  vector[2] mu;
  vector<lower=0>[2] tau;
  cholesky_factor_corr[2] L_Omega;
}
transformed parameters {
  vector[I] alpha;
  vector[I] beta;
  for (i in 1 : I) {
    alpha[i] <- exp(xi[i, 1]);
    beta[i] <- xi[i, 2];
  }
}
model {
  matrix[2, 2] L_Sigma;
  L_Sigma <- diag_pre_multiply(tau, L_Omega);
  for (i in 1 : I) 
    xi[i] ~ multi_normal_cholesky(mu, L_Sigma);
  theta ~ normal(0, 1);
  L_Omega ~ lkj_corr_cholesky(4);
  mu[1] ~ normal(0, 1);
  tau[1] ~ exponential(.1);
  mu[2] ~ normal(0, 5);
  tau[2] ~ exponential(.1);
  y ~ bernoulli_logit(alpha[ii] .* (theta[jj] - beta[ii]));
}
generated quantities {
  corr_matrix[2] Omega;
  Omega <- multiply_lower_tri_self_transpose(L_Omega);
}


Warning: deprecated language construct used in 'hierarchical_2pl.stan', line 20, column 14:
   -------------------------------------------------
    18:    vector[I] beta;
    19:    for (i in 1:I) {
    20:      alpha[i] <- exp(xi[i,1]);
                       ^
    21:      beta[i] <- xi[i,2];
    22:    }
   -------------------------------------------------

assignment operator <- is deprecated in the Stan language; use = instead.


Warning: deprecated language construct used in 'hierarchical_2pl.stan', line 21, column 13:
   -------------------------------------------------
    19:    for (i in 1:I) {
    20:      alpha[i] <- exp(xi[i,1]);
    21:      beta[i] <- xi[i,2];
                      ^
    22:    }
    23:  }
   -------------------------------------------------

assignment operator <- is deprecated in the Stan language; use = instead.


Warning: deprecated language construct used in 'hierarchical_2pl.stan', line 26, column 11:
   -------------------------------------------------
    24:  model {
    25:    matrix[2,2] L_Sigma;
    26:    L_Sigma <- diag_pre_multiply(tau, L_Omega);
                    ^
    27:    for (i in 1:I)
    28:      xi[i] ~ multi_normal_cholesky(mu, L_Sigma);
   -------------------------------------------------

assignment operator <- is deprecated in the Stan language; use = instead.


Warning: deprecated language construct used in 'hierarchical_2pl.stan', line 39, column 9:
   -------------------------------------------------
    37:  generated quantities {
    38:    corr_matrix[2] Omega;
    39:    Omega <- multiply_lower_tri_self_transpose(L_Omega);
                  ^
    40:  }
   -------------------------------------------------

assignment operator <- is deprecated in the Stan language; use = instead.

