  $ ../../../../../../../install/default/bin/stanc --auto_format beetles_cloglog.stan
data {
  int<lower=0> N;
  int<lower=0> n[N];
  int<lower=0> r[N];
  vector[N] x;
}
transformed data {
  vector[N] centered_x;
  real mean_x;
  mean_x <- mean(x);
  centered_x <- x - mean_x;
}
parameters {
  real alpha_star;
  real beta;
}
transformed parameters {
  real p[N];
  for (i in 1 : N) 
    p[i] <- inv_cloglog(alpha_star + beta * centered_x[i]);
}
model {
  alpha_star ~ normal(0.0, 1.0E4);
  beta ~ normal(0.0, 1.0E4);
  r ~ binomial(n, p);
}
generated quantities {
  real alpha;
  real llike[N];
  real rhat[N];
  alpha <- alpha_star - beta * mean_x;
  for (i in 1 : N) {
    llike[i] <- r[i] * log(p[i]) + (n[i] - r[i]) * log(1 - p[i]);
    rhat[i] <- p[i] * n[i];
  }
}


Warning: deprecated language construct used in 'beetles_cloglog.stan', line 11, column 10:
   -------------------------------------------------
     9:    vector[N] centered_x;
    10:    real mean_x;
    11:    mean_x <- mean(x);
                   ^
    12:    centered_x <- x - mean_x;
    13:  }
   -------------------------------------------------

assignment operator <- is deprecated in the Stan language; use = instead.


Warning: deprecated language construct used in 'beetles_cloglog.stan', line 12, column 14:
   -------------------------------------------------
    10:    real mean_x;
    11:    mean_x <- mean(x);
    12:    centered_x <- x - mean_x;
                       ^
    13:  }
    14:  
   -------------------------------------------------

assignment operator <- is deprecated in the Stan language; use = instead.


Warning: deprecated language construct used in 'beetles_cloglog.stan', line 23, column 10:
   -------------------------------------------------
    21:    real p[N];
    22:    for (i in 1:N) 
    23:      p[i] <- inv_cloglog(alpha_star + beta*centered_x[i]);
                   ^
    24:  }
    25:  
   -------------------------------------------------

assignment operator <- is deprecated in the Stan language; use = instead.


Warning: deprecated language construct used in 'beetles_cloglog.stan', line 37, column 9:
   -------------------------------------------------
    35:    real llike[N];
    36:    real rhat[N];
    37:    alpha <- alpha_star - beta*mean_x;              
                  ^
    38:    for (i in 1:N) {
    39:      llike[i]  <- r[i]*log(p[i]) + (n[i]-r[i])*log(1-p[i]);  
   -------------------------------------------------

assignment operator <- is deprecated in the Stan language; use = instead.


Warning: deprecated language construct used in 'beetles_cloglog.stan', line 39, column 15:
   -------------------------------------------------
    37:    alpha <- alpha_star - beta*mean_x;              
    38:    for (i in 1:N) {
    39:      llike[i]  <- r[i]*log(p[i]) + (n[i]-r[i])*log(1-p[i]);  
                        ^
    40:      rhat[i] <- p[i]*n[i];  // fitted values
    41:    }
   -------------------------------------------------

assignment operator <- is deprecated in the Stan language; use = instead.


Warning: deprecated language construct used in 'beetles_cloglog.stan', line 40, column 13:
   -------------------------------------------------
    38:    for (i in 1:N) {
    39:      llike[i]  <- r[i]*log(p[i]) + (n[i]-r[i])*log(1-p[i]);  
    40:      rhat[i] <- p[i]*n[i];  // fitted values
                      ^
    41:    }
    42:  } 
   -------------------------------------------------

assignment operator <- is deprecated in the Stan language; use = instead.

  $ ../../../../../../../install/default/bin/stanc --auto_format beetles_logit.stan
data {
  int<lower=0> N;
  int<lower=0> n[N];
  int<lower=0> r[N];
  vector[N] x;
}
transformed data {
  vector[N] centered_x;
  real mean_x;
  mean_x <- mean(x);
  centered_x <- x - mean_x;
}
parameters {
  real alpha_star;
  real beta;
}
transformed parameters {
  vector[N] m;
  m <- alpha_star + beta * centered_x;
}
model {
  alpha_star ~ normal(0.0, 1.0E4);
  beta ~ normal(0.0, 1.0E4);
  r ~ binomial_logit(n, m);
}
generated quantities {
  real alpha;
  real p[N];
  real llike[N];
  real rhat[N];
  for (i in 1 : N) {
    p[i] <- inv_logit(m[i]);
    llike[i] <- r[i] * log(p[i]) + (n[i] - r[i]) * log(1 - p[i]);
    rhat[i] <- p[i] * n[i];
  }
  alpha <- alpha_star - beta * mean_x;
}


Warning: deprecated language construct used in 'beetles_logit.stan', line 11, column 12:
   -------------------------------------------------
     9:      vector[N] centered_x;
    10:      real mean_x;
    11:      mean_x <- mean(x);
                     ^
    12:      centered_x <- x - mean_x;
    13:  }
   -------------------------------------------------

assignment operator <- is deprecated in the Stan language; use = instead.


Warning: deprecated language construct used in 'beetles_logit.stan', line 12, column 16:
   -------------------------------------------------
    10:      real mean_x;
    11:      mean_x <- mean(x);
    12:      centered_x <- x - mean_x;
                         ^
    13:  }
    14:  
   -------------------------------------------------

assignment operator <- is deprecated in the Stan language; use = instead.


Warning: deprecated language construct used in 'beetles_logit.stan', line 22, column 7:
   -------------------------------------------------
    20:  transformed parameters {
    21:      vector[N] m;
    22:      m <- alpha_star + beta * centered_x;
                ^
    23:  }
    24:  
   -------------------------------------------------

assignment operator <- is deprecated in the Stan language; use = instead.


Warning: deprecated language construct used in 'beetles_logit.stan', line 37, column 10:
   -------------------------------------------------
    35:    real rhat[N];
    36:    for (i in 1:N)  {
    37:      p[i] <- inv_logit(m[i]);
                   ^
    38:      llike[i]  <- r[i]*log(p[i]) + (n[i]-r[i])*log(1-p[i]);  
    39:      rhat[i] <- p[i]*n[i];  // fitted values
   -------------------------------------------------

assignment operator <- is deprecated in the Stan language; use = instead.


Warning: deprecated language construct used in 'beetles_logit.stan', line 38, column 15:
   -------------------------------------------------
    36:    for (i in 1:N)  {
    37:      p[i] <- inv_logit(m[i]);
    38:      llike[i]  <- r[i]*log(p[i]) + (n[i]-r[i])*log(1-p[i]);  
                        ^
    39:      rhat[i] <- p[i]*n[i];  // fitted values
    40:    }
   -------------------------------------------------

assignment operator <- is deprecated in the Stan language; use = instead.


Warning: deprecated language construct used in 'beetles_logit.stan', line 39, column 13:
   -------------------------------------------------
    37:      p[i] <- inv_logit(m[i]);
    38:      llike[i]  <- r[i]*log(p[i]) + (n[i]-r[i])*log(1-p[i]);  
    39:      rhat[i] <- p[i]*n[i];  // fitted values
                      ^
    40:    }
    41:    alpha <- alpha_star - beta*mean_x;              
   -------------------------------------------------

assignment operator <- is deprecated in the Stan language; use = instead.


Warning: deprecated language construct used in 'beetles_logit.stan', line 41, column 9:
   -------------------------------------------------
    39:      rhat[i] <- p[i]*n[i];  // fitted values
    40:    }
    41:    alpha <- alpha_star - beta*mean_x;              
                  ^
    42:  } 
    43:  
   -------------------------------------------------

assignment operator <- is deprecated in the Stan language; use = instead.

  $ ../../../../../../../install/default/bin/stanc --auto_format beetles_probit.stan
data {
  int<lower=0> N;
  int<lower=0> n[N];
  int<lower=0> r[N];
  vector[N] x;
}
transformed data {
  vector[N] centered_x;
  real mean_x;
  mean_x <- mean(x);
  centered_x <- x - mean_x;
}
parameters {
  real alpha_star;
  real beta;
}
transformed parameters {
  real p[N];
  for (i in 1 : N) 
    p[i] <- Phi(alpha_star + beta * centered_x[i]);
}
model {
  alpha_star ~ normal(0.0, 1.0);
  beta ~ normal(0.0, 1.0E4);
  r ~ binomial(n, p);
}
generated quantities {
  real alpha;
  real llike[N];
  real rhat[N];
  alpha <- alpha_star - beta * mean_x;
  for (i in 1 : N) {
    llike[i] <- r[i] * log(p[i]) + (n[i] - r[i]) * log(1 - p[i]);
    rhat[i] <- p[i] * n[i];
  }
}


Warning: deprecated language construct used in 'beetles_probit.stan', line 10, column 12:
   -------------------------------------------------
     8:      vector[N] centered_x;
     9:      real mean_x;
    10:      mean_x <- mean(x);
                     ^
    11:      centered_x <- x - mean_x;
    12:  }
   -------------------------------------------------

assignment operator <- is deprecated in the Stan language; use = instead.


Warning: deprecated language construct used in 'beetles_probit.stan', line 11, column 16:
   -------------------------------------------------
     9:      real mean_x;
    10:      mean_x <- mean(x);
    11:      centered_x <- x - mean_x;
                         ^
    12:  }
    13:  
   -------------------------------------------------

assignment operator <- is deprecated in the Stan language; use = instead.


Warning: deprecated language construct used in 'beetles_probit.stan', line 22, column 12:
   -------------------------------------------------
    20:      real p[N];
    21:      for (i in 1:N)
    22:        p[i] <- Phi(alpha_star + beta*centered_x[i]);
                     ^
    23:  }
    24:  model {
   -------------------------------------------------

assignment operator <- is deprecated in the Stan language; use = instead.


Warning: deprecated language construct used in 'beetles_probit.stan', line 34, column 9:
   -------------------------------------------------
    32:    real rhat[N];
    33:  
    34:    alpha <- alpha_star - beta*mean_x;              
                  ^
    35:  
    36:    for (i in 1:N) {
   -------------------------------------------------

assignment operator <- is deprecated in the Stan language; use = instead.


Warning: deprecated language construct used in 'beetles_probit.stan', line 37, column 15:
   -------------------------------------------------
    35:  
    36:    for (i in 1:N) {
    37:      llike[i]  <- r[i] * log(p[i]) + (n[i] - r[i]) * log(1-p[i]);
                        ^
    38:      rhat[i] <- p[i] * n[i]; 
    39:    }
   -------------------------------------------------

assignment operator <- is deprecated in the Stan language; use = instead.


Warning: deprecated language construct used in 'beetles_probit.stan', line 38, column 13:
   -------------------------------------------------
    36:    for (i in 1:N) {
    37:      llike[i]  <- r[i] * log(p[i]) + (n[i] - r[i]) * log(1-p[i]);
    38:      rhat[i] <- p[i] * n[i]; 
                      ^
    39:    }
    40:  }
   -------------------------------------------------

assignment operator <- is deprecated in the Stan language; use = instead.

