  $ ../../../../../../../install/default/bin/stanc --auto_format mvn_orange.stan
data {
  int<lower=0> K;
  int<lower=0> N;
  int x[N];
  real Y[K, N];
  cov_matrix[3] invR;
  cov_matrix[3] mu_var_prior;
  vector[3] mu_m_prior;
}
parameters {
  real<lower=0> sigmasq;
  vector[3] theta[K];
  vector[3] mu;
  cov_matrix[3] sigma2;
}
transformed parameters {
  real<lower=0> sigma_C;
  sigma_C <- sqrt(sigmasq);
}
model {
  real phi[K, 3];
  for (k in 1 : K) {
    theta[k] ~ multi_normal(mu, sigma2);
    phi[k, 1] <- exp(theta[k, 1]);
    phi[k, 2] <- exp(theta[k, 2]) - 1;
    phi[k, 3] <- -exp(theta[k, 3]);
  }
  sigmasq ~ inv_gamma(.001, .001);
  for (k in 1 : K) {
    for (n in 1 : N) 
      Y[k, n] ~ normal(phi[k, 1] / (1 + phi[k, 2] * exp(phi[k, 3] * x[n])),
                       sigma_C);
  }
  mu ~ multi_normal(mu_m_prior, mu_var_prior);
  sigma2 ~ inv_wishart(3, invR);
}
generated quantities {
  vector[3] sigma;
  sigma[1] <- sqrt(sigma2[1, 1]);
  sigma[2] <- sqrt(sigma2[2, 2]);
  sigma[3] <- sqrt(sigma2[3, 3]);
}


Warning: deprecated language construct used in 'mvn_orange.stan', line 5, column 0:
   -------------------------------------------------
     3:  // and refer to ../orange 
     4:  
     5:  # FIXME: there are some discrepancy for parameters var 
         ^
     6:  # and the s.e. for some parameters
     7:  
   -------------------------------------------------

Comments beginning with # are deprecated. Please use // in place of # for line comments.


Warning: deprecated language construct used in 'mvn_orange.stan', line 6, column 0:
   -------------------------------------------------
     4:  
     5:  # FIXME: there are some discrepancy for parameters var 
     6:  # and the s.e. for some parameters
         ^
     7:  
     8:  data {
   -------------------------------------------------

Comments beginning with # are deprecated. Please use // in place of # for line comments.


Warning: deprecated language construct used in 'mvn_orange.stan', line 27, column 11:
   -------------------------------------------------
    25:  transformed parameters {
    26:    real<lower=0> sigma_C; 
    27:    sigma_C <- sqrt(sigmasq);
                    ^
    28:  } 
    29:  
   -------------------------------------------------

assignment operator <- is deprecated in the Stan language; use = instead.


Warning: deprecated language construct used in 'mvn_orange.stan', line 34, column 15:
   -------------------------------------------------
    32:    for (k in 1:K) {
    33:      theta[k] ~ multi_normal(mu, sigma2); 
    34:      phi[k, 1] <- exp(theta[k, 1]);
                        ^
    35:      phi[k, 2] <- exp(theta[k, 2]) - 1;
    36:      phi[k, 3] <- -exp(theta[k, 3]);
   -------------------------------------------------

assignment operator <- is deprecated in the Stan language; use = instead.


Warning: deprecated language construct used in 'mvn_orange.stan', line 35, column 15:
   -------------------------------------------------
    33:      theta[k] ~ multi_normal(mu, sigma2); 
    34:      phi[k, 1] <- exp(theta[k, 1]);
    35:      phi[k, 2] <- exp(theta[k, 2]) - 1;
                        ^
    36:      phi[k, 3] <- -exp(theta[k, 3]);
    37:    }
   -------------------------------------------------

assignment operator <- is deprecated in the Stan language; use = instead.


Warning: deprecated language construct used in 'mvn_orange.stan', line 36, column 15:
   -------------------------------------------------
    34:      phi[k, 1] <- exp(theta[k, 1]);
    35:      phi[k, 2] <- exp(theta[k, 2]) - 1;
    36:      phi[k, 3] <- -exp(theta[k, 3]);
                        ^
    37:    }
    38:  
   -------------------------------------------------

assignment operator <- is deprecated in the Stan language; use = instead.


Warning: deprecated language construct used in 'mvn_orange.stan', line 50, column 12:
   -------------------------------------------------
    48:  generated quantities {
    49:    vector[3] sigma;
    50:    sigma[1] <- sqrt(sigma2[1,1]);
                     ^
    51:    sigma[2] <- sqrt(sigma2[2,2]);
    52:    sigma[3] <- sqrt(sigma2[3,3]);
   -------------------------------------------------

assignment operator <- is deprecated in the Stan language; use = instead.


Warning: deprecated language construct used in 'mvn_orange.stan', line 51, column 12:
   -------------------------------------------------
    49:    vector[3] sigma;
    50:    sigma[1] <- sqrt(sigma2[1,1]);
    51:    sigma[2] <- sqrt(sigma2[2,2]);
                     ^
    52:    sigma[3] <- sqrt(sigma2[3,3]);
    53:  }
   -------------------------------------------------

assignment operator <- is deprecated in the Stan language; use = instead.


Warning: deprecated language construct used in 'mvn_orange.stan', line 52, column 12:
   -------------------------------------------------
    50:    sigma[1] <- sqrt(sigma2[1,1]);
    51:    sigma[2] <- sqrt(sigma2[2,2]);
    52:    sigma[3] <- sqrt(sigma2[3,3]);
                     ^
    53:  }
   -------------------------------------------------

assignment operator <- is deprecated in the Stan language; use = instead.

