  $ ../../../../../../../install/default/bin/stanc --auto-format leukfr.stan
data {
  int<lower=0> N;
  int<lower=0> NT;
  int<lower=0> obs_t[N];
  int<lower=0> t[NT + 1];
  int<lower=0> fail[N];
  int<lower=0> Npair;
  int<lower=0> pair[N];
  real Z[N];
}
transformed data {
  int Y[N, NT];
  int dN[N, NT];
  real c;
  real r;
  for (i in 1 : N) {
    for (j in 1 : NT) {
      Y[i, j] <- int_step(obs_t[i] - t[j] + .000000001);
      dN[i, j] <- Y[i, j] * fail[i]
                  * int_step(t[j + 1] - obs_t[i] - .000000001);
    }
  }
  c <- 0.001;
  r <- 0.1;
}
parameters {
  real beta;
  real<lower=0> tau;
  real<lower=0> dL0[NT];
  real b[Npair];
}
transformed parameters {
  real<lower=0> sigma;
  sigma <- 1 / sqrt(tau);
}
model {
  beta ~ normal(0, 1000);
  tau ~ gamma(.001, .001);
  b ~ normal(0, sigma);
  for (j in 1 : NT) {
    dL0[j] ~ gamma(r * (t[j + 1] - t[j]) * c, c);
    for (i in 1 : N) {
      if (Y[i, j] != 0) 
        increment_log_prob(poisson_log(dN[i, j],
                                       Y[i, j]
                                       * exp(beta * Z[i] + b[pair[i]])
                                       * dL0[j]));
    }
  }
}


Warning: deprecated language construct used in 'leukfr.stan', line 31, column 15:
   -------------------------------------------------
    29:    for(i in 1:N) {
    30:      for(j in 1:NT) {
    31:        Y[i, j] <- int_step(obs_t[i] - t[j] + .000000001);
                        ^
    32:        dN[i, j] <- Y[i, j] * fail[i] * int_step(t[j + 1] - obs_t[i] - .000000001);
    33:      }
   -------------------------------------------------

assignment operator <- is deprecated in the Stan language; use = instead.


Warning: deprecated language construct used in 'leukfr.stan', line 32, column 16:
   -------------------------------------------------
    30:      for(j in 1:NT) {
    31:        Y[i, j] <- int_step(obs_t[i] - t[j] + .000000001);
    32:        dN[i, j] <- Y[i, j] * fail[i] * int_step(t[j + 1] - obs_t[i] - .000000001);
                         ^
    33:      }
    34:    }
   -------------------------------------------------

assignment operator <- is deprecated in the Stan language; use = instead.


Warning: deprecated language construct used in 'leukfr.stan', line 35, column 5:
   -------------------------------------------------
    33:      }
    34:    }
    35:    c <- 0.001; 
              ^
    36:    r <- 0.1; 
    37:  }
   -------------------------------------------------

assignment operator <- is deprecated in the Stan language; use = instead.


Warning: deprecated language construct used in 'leukfr.stan', line 36, column 5:
   -------------------------------------------------
    34:    }
    35:    c <- 0.001; 
    36:    r <- 0.1; 
              ^
    37:  }
    38:  parameters {
   -------------------------------------------------

assignment operator <- is deprecated in the Stan language; use = instead.


Warning: deprecated language construct used in 'leukfr.stan', line 46, column 9:
   -------------------------------------------------
    44:  transformed parameters {
    45:    real<lower=0> sigma; 
    46:    sigma <- 1 / sqrt(tau); 
                  ^
    47:  } 
    48:  model {
   -------------------------------------------------

assignment operator <- is deprecated in the Stan language; use = instead.


Warning: deprecated language construct used in 'leukfr.stan', line 56, column 25:
   -------------------------------------------------
    54:      for (i in 1:N) {
    55:        if (Y[i, j] != 0) 
    56:          increment_log_prob(poisson_log(dN[i, j], Y[i, j] 
                                  ^
    57:                                         * exp(beta * Z[i] + b[pair[i]]) 
    58:                                         * dL0[j])); 
   -------------------------------------------------

increment_log_prob(...); is deprecated and will be removed in the future. Use target += ...; instead.

