  $ ../../../../../../install/default/bin/stanc --auto_format eight_schools.stan
data {
  int<lower=0> J;
  real y[J];
  real<lower=0> sigma[J];
}
parameters {
  real mu;
  real theta[J];
  real<lower=0> tau;
}
model {
  theta ~ normal(mu, tau);
  y ~ normal(theta, sigma);
}

