  $ ../../../../../../../install/default/bin/stanc --auto_format pump.stan
data {
  int<lower=0> N;
  int<lower=0> x[N];
  vector[N] t;
}
parameters {
  real<lower=0> alpha;
  real<lower=0> beta;
  vector<lower=0>[N] theta;
}
model {
  alpha ~ exponential(1.0);
  beta ~ gamma(0.1, 1.0);
  theta ~ gamma(alpha, beta);
  x ~ poisson(theta .* t);
}


Warning: deprecated language construct used in 'pump.stan', line 1, column 0:
   -------------------------------------------------
     1:  # BUGS pump example (Vol 1, Example 2)
         ^
     2:  data {
     3:    int<lower=0> N;
   -------------------------------------------------

Comments beginning with # are deprecated. Please use // in place of # for line comments.

