  $ ../../../../../../install/default/bin/stanc --auto-format irt-multilevel.stan
data {
  int<lower=1> I;
  int<lower=1> J;
  int<lower=1> K;
  int<lower=1> N;
  int<lower=1, upper=I> ii[N];
  int<lower=1, upper=J> jj[N];
  int<lower=1, upper=J> kk[N];
  int<lower=0, upper=1> y[N];
}
parameters {
  vector[J] alpha;
  vector[I] beta;
  vector[K] gamma;
  vector<lower=0>[I] delta;
  real zeta;
  real<lower=0> mu_delta;
  real<lower=0, upper=20> sigma_beta;
  real<lower=0, upper=20> sigma_gamma;
  real<lower=0, upper=20> sigma_delta;
}
model {
  vector[N] log_odds;
  alpha ~ normal(0, 1);
  beta ~ normal(0, sigma_beta);
  gamma ~ normal(0, sigma_gamma);
  delta ~ lognormal(mu_delta, sigma_delta);
  zeta ~ normal(0, 10);
  mu_delta ~ lognormal(0, 10);
  for (n in 1 : N) 
    log_odds[n] <- delta[ii[n]]
                   * (zeta + alpha[jj[n]] + gamma[kk[n]] - beta[ii[n]]);
  y ~ bernoulli_logit(log_odds);
}


Warning: deprecated language construct used in 'irt-multilevel.stan', line 33, column 17:
   -------------------------------------------------
    31:  
    32:    for (n in 1:N)               // likelihood
    33:      log_odds[n] <- delta[ii[n]] 
                          ^
    34:                     * (zeta
    35:                        + alpha[jj[n]] 
   -------------------------------------------------

assignment operator <- is deprecated in the Stan language; use = instead.

  $ ../../../../../../install/default/bin/stanc --auto-format irt.stan
data {
  int<lower=1> I;
  int<lower=1> J;
  int<lower=0, upper=1> y[I, J];
}
parameters {
  vector[J] alpha;
  vector[I] beta;
  vector<lower=0>[I] delta;
}
model {
  alpha ~ normal(0, 1);
  beta ~ normal(0, 5);
  delta ~ gamma(2, 2);
  for (i in 1 : I) 
    y[i] ~ bernoulli_logit(delta[i] * (alpha - beta[i]));
}

  $ ../../../../../../install/default/bin/stanc --auto-format irt_1pl.stan
data {
  int<lower=0> I;
  int<lower=0> J;
  int<lower=0, upper=1> y[I, J];
}
parameters {
  vector[I] b;
  vector[J] theta;
}
model {
  theta ~ normal(0, 1);
  b ~ normal(-1, 2);
  for (i in 1 : I) 
    y[i] ~ bernoulli_logit(theta - b[i]);
}


Warning: deprecated language construct used in 'irt_1pl.stan', line 1, column 0:
   -------------------------------------------------
     1:  ## ---- irt-1pl-stan ----
         ^
     2:  data {
     3:    int<lower=0> I;
   -------------------------------------------------

Comments beginning with # are deprecated. Please use // in place of # for line comments.

  $ ../../../../../../install/default/bin/stanc --auto-format irt_1pl_adjust.stan
data {
  int<lower=0> I;
  int<lower=0> J;
  int<lower=0, upper=1> y[I, J];
}
parameters {
  vector[I] b_raw;
  vector[J] theta_raw;
}
transformed parameters {
  vector[I] b;
  vector[J] theta;
  {
    real mean_theta_raw;
    mean_theta_raw <- mean(theta_raw);
    theta <- theta_raw - mean_theta_raw;
    b <- b_raw - mean_theta_raw;
  }
}
model {
  for (i in 1 : I) 
    y[i] ~ bernoulli_logit(theta - b[i]);
}


Warning: deprecated language construct used in 'irt_1pl_adjust.stan', line 1, column 0:
   -------------------------------------------------
     1:  ## ---- irt-1pl-adjust-stan ----
         ^
     2:  data {
     3:    int<lower=0> I;
   -------------------------------------------------

Comments beginning with # are deprecated. Please use // in place of # for line comments.


Warning: deprecated language construct used in 'irt_1pl_adjust.stan', line 16, column 20:
   -------------------------------------------------
    14:    { 
    15:      real mean_theta_raw;
    16:      mean_theta_raw <- mean(theta_raw);
                             ^
    17:      theta <- theta_raw - mean_theta_raw;
    18:      b <- b_raw - mean_theta_raw;
   -------------------------------------------------

assignment operator <- is deprecated in the Stan language; use = instead.


Warning: deprecated language construct used in 'irt_1pl_adjust.stan', line 17, column 11:
   -------------------------------------------------
    15:      real mean_theta_raw;
    16:      mean_theta_raw <- mean(theta_raw);
    17:      theta <- theta_raw - mean_theta_raw;
                    ^
    18:      b <- b_raw - mean_theta_raw;
    19:    }
   -------------------------------------------------

assignment operator <- is deprecated in the Stan language; use = instead.


Warning: deprecated language construct used in 'irt_1pl_adjust.stan', line 18, column 7:
   -------------------------------------------------
    16:      mean_theta_raw <- mean(theta_raw);
    17:      theta <- theta_raw - mean_theta_raw;
    18:      b <- b_raw - mean_theta_raw;
                ^
    19:    }
    20:  }
   -------------------------------------------------

assignment operator <- is deprecated in the Stan language; use = instead.

  $ ../../../../../../install/default/bin/stanc --auto-format irt_1pl_fit_predict.stan
data {
  int<lower=0> I;
  int<lower=0> J;
  int<lower=0, upper=1> y[I, J];
}
parameters {
  vector[I] b;
  vector[J] theta;
}
model {
  theta ~ normal(0, 1);
  b ~ normal(-1, 2);
  for (i in 1 : I) 
    y[i] ~ bernoulli_logit(theta - b[i]);
}
generated quantities {
  int<lower=0, upper=I> z_sim[100];
  real theta_sim[40];
  for (j in 1 : 40) {
    theta_sim[j] <- (j - 20) / 4.0;
    z_sim[j] <- 0;
    for (i in 1 : I) {
      if (bernoulli_logit_rng(theta_sim[j] - b[i])) 
        z_sim[j] <- z_sim[j] + 1;
    }
  }
}


Warning: deprecated language construct used in 'irt_1pl_fit_predict.stan', line 1, column 0:
   -------------------------------------------------
     1:  ## ---- irt-1pl-stan ----
         ^
     2:  data {
     3:    int<lower=0> I;
   -------------------------------------------------

Comments beginning with # are deprecated. Please use // in place of # for line comments.


Warning: deprecated language construct used in 'irt_1pl_fit_predict.stan', line 21, column 18:
   -------------------------------------------------
    19:    real theta_sim[40];
    20:    for (j in 1:40) {
    21:      theta_sim[j] <- (j - 20) / 4.0;
                           ^
    22:      z_sim[j] <- 0;
    23:      for (i in 1:I) {
   -------------------------------------------------

assignment operator <- is deprecated in the Stan language; use = instead.


Warning: deprecated language construct used in 'irt_1pl_fit_predict.stan', line 22, column 14:
   -------------------------------------------------
    20:    for (j in 1:40) {
    21:      theta_sim[j] <- (j - 20) / 4.0;
    22:      z_sim[j] <- 0;
                       ^
    23:      for (i in 1:I) {
    24:        if (bernoulli_logit_rng(theta_sim[j] - b[i]))
   -------------------------------------------------

assignment operator <- is deprecated in the Stan language; use = instead.


Warning: deprecated language construct used in 'irt_1pl_fit_predict.stan', line 25, column 18:
   -------------------------------------------------
    23:      for (i in 1:I) {
    24:        if (bernoulli_logit_rng(theta_sim[j] - b[i]))
    25:          z_sim[j] <- z_sim[j] + 1;
                           ^
    26:      }
    27:    }
   -------------------------------------------------

assignment operator <- is deprecated in the Stan language; use = instead.

  $ ../../../../../../install/default/bin/stanc --auto-format irt_1pl_hier.stan
data {
  int<lower=0> I;
  int<lower=0> J;
  int<lower=0, upper=1> y[I, J];
}
parameters {
  vector[I] b;
  vector[J] theta;
  real mu_b;
  real<lower=0> sigma_b;
  real<lower=0> sigma_theta;
}
model {
  mu_b ~ normal(0, 5);
  sigma_b ~ cauchy(0, 2);
  sigma_theta ~ cauchy(0, 2);
  b ~ normal(mu_b, sigma_b);
  theta ~ normal(0, sigma_theta);
  for (i in 1 : I) 
    y[i] ~ bernoulli_logit(theta - b[i]);
}


Warning: deprecated language construct used in 'irt_1pl_hier.stan', line 1, column 0:
   -------------------------------------------------
     1:  ## ---- irt-1pl-hier-stan ----
         ^
     2:  data {
     3:    int<lower=0> I;
   -------------------------------------------------

Comments beginning with # are deprecated. Please use // in place of # for line comments.

  $ ../../../../../../install/default/bin/stanc --auto-format irt_1pl_mle.stan
data {
  int<lower=0> I;
  int<lower=0> J;
  int<lower=0, upper=1> y[I, J];
}
parameters {
  vector[I] b;
  vector[J] theta;
}
model {
  for (i in 1 : I) 
    y[i] ~ bernoulli_logit(theta - b[i]);
}

  $ ../../../../../../install/default/bin/stanc --auto-format irt_1pl_pin.stan
data {
  int<lower=0> I;
  int<lower=0> J;
  int<lower=0, upper=1> y[I, J];
}
parameters {
  vector[I] b;
  vector[J - 1] theta;
}
model {
  for (i in 1 : I) {
    head(y[i], J - 1) ~ bernoulli_logit(theta - b[i]);
    y[i, J] ~ bernoulli_logit(b[i]);
  }
}


Warning: deprecated language construct used in 'irt_1pl_pin.stan', line 1, column 0:
   -------------------------------------------------
     1:  ## ---- irt-1pl-pin-stan ----
         ^
     2:  data {
     3:    int<lower=0> I;
   -------------------------------------------------

Comments beginning with # are deprecated. Please use // in place of # for line comments.

  $ ../../../../../../install/default/bin/stanc --auto-format irt_1pl_power.stan

  $ ../../../../../../install/default/bin/stanc --auto-format irt_1pl_predict.stan
data {
  int<lower=0> I;
  int<lower=0> J;
  int<lower=0, upper=1> y[I, J];
}
parameters {
  vector[I] b;
  vector[J] theta;
}
model {
  theta ~ normal(0, 1);
  b ~ normal(-1, 2);
  for (i in 1 : I) 
    y[i] ~ bernoulli_logit(theta - b[i]);
}
generated quantities {
  int<lower=0, upper=I> z_sim[100];
  real theta_sim[40];
  for (j in 1 : 40) {
    theta_sim[j] <- (j - 20) / 4.0;
    z_sim[j] <- 0;
    for (i in 1 : I) {
      if (bernoulli_logit_rng(theta_sim[j] - b[i])) 
        z_sim[j] <- z_sim[j] + 1;
    }
  }
}


Warning: deprecated language construct used in 'irt_1pl_predict.stan', line 1, column 0:
   -------------------------------------------------
     1:  ## ---- irt-1pl-stan ----
         ^
     2:  data {
     3:    int<lower=0> I;
   -------------------------------------------------

Comments beginning with # are deprecated. Please use // in place of # for line comments.


Warning: deprecated language construct used in 'irt_1pl_predict.stan', line 21, column 18:
   -------------------------------------------------
    19:    real theta_sim[40];
    20:    for (j in 1:40) {
    21:      theta_sim[j] <- (j - 20) / 4.0;
                           ^
    22:      z_sim[j] <- 0;
    23:      for (i in 1:I) {
   -------------------------------------------------

assignment operator <- is deprecated in the Stan language; use = instead.


Warning: deprecated language construct used in 'irt_1pl_predict.stan', line 22, column 14:
   -------------------------------------------------
    20:    for (j in 1:40) {
    21:      theta_sim[j] <- (j - 20) / 4.0;
    22:      z_sim[j] <- 0;
                       ^
    23:      for (i in 1:I) {
    24:        if (bernoulli_logit_rng(theta_sim[j] - b[i]))
   -------------------------------------------------

assignment operator <- is deprecated in the Stan language; use = instead.


Warning: deprecated language construct used in 'irt_1pl_predict.stan', line 25, column 18:
   -------------------------------------------------
    23:      for (i in 1:I) {
    24:        if (bernoulli_logit_rng(theta_sim[j] - b[i]))
    25:          z_sim[j] <- z_sim[j] + 1;
                           ^
    26:      }
    27:    }
   -------------------------------------------------

assignment operator <- is deprecated in the Stan language; use = instead.

  $ ../../../../../../install/default/bin/stanc --auto-format irt_1pl_unit.stan
data {
  int<lower=0> I;
  int<lower=0> J;
  int<lower=0, upper=1> y[I, J];
}
parameters {
  vector[I] b;
  vector[J - 1] theta_raw;
}
transformed parameters {
  vector[J] theta;
  theta[1] <- -sum(theta_raw);
  for (j in 2 : J) 
    theta[j] <- theta_raw[j];
}
model {
  for (i in 1 : I) 
    y[i] ~ bernoulli_logit(theta - b[i]);
}


Warning: deprecated language construct used in 'irt_1pl_unit.stan', line 1, column 0:
   -------------------------------------------------
     1:  ## ---- irt-1pl-unitt-stan ----
         ^
     2:  data {
     3:    int<lower=0> I;
   -------------------------------------------------

Comments beginning with # are deprecated. Please use // in place of # for line comments.


Warning: deprecated language construct used in 'irt_1pl_unit.stan', line 13, column 12:
   -------------------------------------------------
    11:  transformed parameters {
    12:    vector[J] theta;
    13:    theta[1] <- -sum(theta_raw);
                     ^
    14:    for (j in 2:J)
    15:      theta[j] <- theta_raw[j];
   -------------------------------------------------

assignment operator <- is deprecated in the Stan language; use = instead.


Warning: deprecated language construct used in 'irt_1pl_unit.stan', line 15, column 14:
   -------------------------------------------------
    13:    theta[1] <- -sum(theta_raw);
    14:    for (j in 2:J)
    15:      theta[j] <- theta_raw[j];
                       ^
    16:  }
    17:  model {
   -------------------------------------------------

assignment operator <- is deprecated in the Stan language; use = instead.

  $ ../../../../../../install/default/bin/stanc --auto-format irt_1pl_vague.stan
data {
  int<lower=0> I;
  int<lower=0> J;
  int<lower=0, upper=1> y[I, J];
  real mu_theta;
  real<lower=0> sigma_theta;
  real mu_b;
  real<lower=0> sigma_b;
}
parameters {
  vector[I] b;
  vector[J] theta;
}
model {
  theta ~ normal(mu_theta, sigma_theta);
  b ~ normal(mu_b, sigma_b);
  for (i in 1 : I) 
    y[i] ~ bernoulli_logit(theta - b[i]);
}


Warning: deprecated language construct used in 'irt_1pl_vague.stan', line 1, column 0:
   -------------------------------------------------
     1:  ## ---- irt-1pl-vague-stan ----
         ^
     2:  data {
     3:    int<lower=0> I;
   -------------------------------------------------

Comments beginning with # are deprecated. Please use // in place of # for line comments.

  $ ../../../../../../install/default/bin/stanc --auto-format irt_2pl_power.stan
data {
  int<lower=0> I;
  vector[I] a;
  vector[I] b;
}
model {

}
generated quantities {
  int<lower=0, upper=I> z_sim[100];
  vector[100] theta_sim;
  for (j in 1 : 100) {
    theta_sim[j] <- (j - 50) / 10.0;
    z_sim[j] <- 0;
    for (i in 1 : I) 
      z_sim[j] <- z_sim[j]
                  + bernoulli_rng(inv_logit(a[i] * (theta_sim[j] - b[i])));
  }
}


Warning: deprecated language construct used in 'irt_2pl_power.stan', line 1, column 0:
   -------------------------------------------------
     1:  ## ---- irt-2pl-power-stan ----
         ^
     2:  data {
     3:    int<lower=0> I;
   -------------------------------------------------

Comments beginning with # are deprecated. Please use // in place of # for line comments.


Warning: deprecated language construct used in 'irt_2pl_power.stan', line 13, column 18:
   -------------------------------------------------
    11:    vector[100] theta_sim;
    12:    for (j in 1:100) {
    13:      theta_sim[j] <- (j - 50) / 10.0;
                           ^
    14:      z_sim[j] <- 0;
    15:      for (i in 1:I)
   -------------------------------------------------

assignment operator <- is deprecated in the Stan language; use = instead.


Warning: deprecated language construct used in 'irt_2pl_power.stan', line 14, column 14:
   -------------------------------------------------
    12:    for (j in 1:100) {
    13:      theta_sim[j] <- (j - 50) / 10.0;
    14:      z_sim[j] <- 0;
                       ^
    15:      for (i in 1:I)
    16:        z_sim[j] <- z_sim[j] 
   -------------------------------------------------

assignment operator <- is deprecated in the Stan language; use = instead.


Warning: deprecated language construct used in 'irt_2pl_power.stan', line 16, column 16:
   -------------------------------------------------
    14:      z_sim[j] <- 0;
    15:      for (i in 1:I)
    16:        z_sim[j] <- z_sim[j] 
                         ^
    17:          + bernoulli_rng(inv_logit(a[i] * (theta_sim[j] - b[i])));
    18:    }
   -------------------------------------------------

assignment operator <- is deprecated in the Stan language; use = instead.

  $ ../../../../../../install/default/bin/stanc --auto-format irt_power.stan

