  $ ../../../../../../install/default/bin/stanc --auto_format reg_centered.stan
data {
  int<lower=1> I;
  int<lower=1> J;
  int<lower=1> N;
  int<lower=1, upper=I> ii[N];
  int<lower=1, upper=J> jj[N];
  int<lower=0, upper=1> y[N];
  real x[J];
}
parameters {
  vector<lower=0>[I] alpha;
  vector[I] beta;
  vector[J] theta;
  real gamma;
}
model {
  vector[N] eta;
  alpha ~ lognormal(0.5, 1);
  beta ~ normal(0, 10);
  for (j in 1 : J) 
    theta[j] ~ normal(gamma * x[j], 1);
  for (n in 1 : N) 
    eta[n] <- alpha[ii[n]] * (theta[jj[n]] - beta[ii[n]]);
  y ~ bernoulli_logit(eta);
}


Warning: deprecated language construct used in 'reg_centered.stan', line 23, column 12:
   -------------------------------------------------
    21:      theta[j] ~ normal(gamma * x[j],1);
    22:    for (n in 1:N)
    23:      eta[n] <- alpha[ii[n]] * (theta[jj[n]] - beta[ii[n]]);
                     ^
    24:    y ~ bernoulli_logit(eta);
    25:  }
   -------------------------------------------------

assignment operator <- is deprecated in the Stan language; use = instead.

  $ ../../../../../../install/default/bin/stanc --auto_format reg_dif.stan
data {
  int<lower=1> I;
  int<lower=1> J;
  int<lower=1> N;
  int<lower=1, upper=I> ii[N];
  int<lower=1, upper=J> jj[N];
  int<lower=0, upper=1> y[N];
  real x[J];
  int<lower=0, upper=1> Ik[N];
}
parameters {
  vector<lower=0>[I] alpha;
  vector[I] beta;
  real gamma;
  vector[J] epsilon;
  real delta;
}
model {
  vector[N] eta;
  vector[J] theta;
  alpha ~ lognormal(0.5, 1);
  beta ~ normal(0, 10);
  epsilon ~ normal(0, 1);
  for (j in 1 : J) 
    theta[j] <- (gamma * x[j]) + epsilon[j];
  for (n in 1 : N) 
    eta[n] <- alpha[ii[n]]
              * (theta[jj[n]] - (beta[ii[n]] + delta * Ik[n] * x[jj[n]]));
  y ~ bernoulli_logit(eta);
}


Warning: deprecated language construct used in 'reg_dif.stan', line 25, column 14:
   -------------------------------------------------
    23:    epsilon ~ normal(0,1);
    24:    for (j in 1:J)
    25:      theta[j] <- (gamma * x[j]) + epsilon[j];
                       ^
    26:    for (n in 1:N)
    27:      eta[n] <- alpha[ii[n]] * (theta[jj[n]] - (beta[ii[n]] + delta * Ik[n] * x[jj[n]]));
   -------------------------------------------------

assignment operator <- is deprecated in the Stan language; use = instead.


Warning: deprecated language construct used in 'reg_dif.stan', line 27, column 12:
   -------------------------------------------------
    25:      theta[j] <- (gamma * x[j]) + epsilon[j];
    26:    for (n in 1:N)
    27:      eta[n] <- alpha[ii[n]] * (theta[jj[n]] - (beta[ii[n]] + delta * Ik[n] * x[jj[n]]));
                     ^
    28:    y ~ bernoulli_logit(eta);
    29:  }
   -------------------------------------------------

assignment operator <- is deprecated in the Stan language; use = instead.

  $ ../../../../../../install/default/bin/stanc --auto_format reg_noncentered.stan
data {
  int<lower=1> I;
  int<lower=1> J;
  int<lower=1> N;
  int<lower=1, upper=I> ii[N];
  int<lower=1, upper=J> jj[N];
  int<lower=0, upper=1> y[N];
  real x[J];
}
parameters {
  vector<lower=0>[I] alpha;
  vector[I] beta;
  real gamma;
  vector[J] epsilon;
}
model {
  vector[N] eta;
  vector[J] theta;
  alpha ~ lognormal(0.5, 1);
  beta ~ normal(0, 10);
  epsilon ~ normal(0, 1);
  for (j in 1 : J) 
    theta[j] <- (gamma * x[j]) + epsilon[j];
  for (n in 1 : N) 
    eta[n] <- alpha[ii[n]] * (theta[jj[n]] - beta[ii[n]]);
  y ~ bernoulli_logit(eta);
}


Warning: deprecated language construct used in 'reg_noncentered.stan', line 23, column 14:
   -------------------------------------------------
    21:    epsilon ~ normal(0,1);
    22:    for (j in 1:J)
    23:      theta[j] <- (gamma * x[j]) + epsilon[j];
                       ^
    24:    for (n in 1:N)
    25:      eta[n] <- alpha[ii[n]] * (theta[jj[n]] - beta[ii[n]]);
   -------------------------------------------------

assignment operator <- is deprecated in the Stan language; use = instead.


Warning: deprecated language construct used in 'reg_noncentered.stan', line 25, column 12:
   -------------------------------------------------
    23:      theta[j] <- (gamma * x[j]) + epsilon[j];
    24:    for (n in 1:N)
    25:      eta[n] <- alpha[ii[n]] * (theta[jj[n]] - beta[ii[n]]);
                     ^
    26:    y ~ bernoulli_logit(eta);
    27:  }
   -------------------------------------------------

assignment operator <- is deprecated in the Stan language; use = instead.

  $ ../../../../../../install/default/bin/stanc --auto_format twopl.stan
data {
  int<lower=1> I;
  int<lower=1> J;
  int<lower=1> N;
  int<lower=1, upper=I> ii[N];
  int<lower=1, upper=J> jj[N];
  int<lower=0, upper=1> y[N];
}
parameters {
  vector<lower=0>[I] alpha;
  vector[I] beta;
  vector[J] theta;
}
model {
  vector[N] eta;
  alpha ~ lognormal(0.5, 1);
  beta ~ normal(0, 10);
  theta ~ normal(0, 1);
  for (n in 1 : N) 
    eta[n] <- alpha[ii[n]] * (theta[jj[n]] - beta[ii[n]]);
  y ~ bernoulli_logit(eta);
}


Warning: deprecated language construct used in 'twopl.stan', line 20, column 12:
   -------------------------------------------------
    18:    theta ~ normal(0,1);
    19:    for (n in 1:N)
    20:      eta[n] <- alpha[ii[n]] * (theta[jj[n]] - beta[ii[n]]);
                     ^
    21:    y ~ bernoulli_logit(eta);
    22:  }
   -------------------------------------------------

assignment operator <- is deprecated in the Stan language; use = instead.

