  $ ../../../../../install/default/bin/stanc abs-deprecate.stan
Semantic error in 'abs-deprecate.stan', line 3, column 7 to column 17:
   -------------------------------------------------
     1:  transformed data {
     2:    real mu;
     3:    mu = fabs(-1.2);
                ^
     4:  }
     5:  parameters {
   -------------------------------------------------

A returning function was expected but an undeclared identifier 'fabs' was supplied.
A similar known identifier is 'abs'
  $ ../../../../../install/default/bin/stanc binomial_coefficient_log.stan
Semantic error in 'binomial_coefficient_log.stan', line 12, column 26 to column 66:
   -------------------------------------------------
    10:    real transformed_data_real;
    11:  
    12:    transformed_data_real = binomial_coefficient_log(d_real, r_real);
                                   ^
    13:    transformed_data_real = binomial_coefficient_log(d_int, r_real);
    14:    transformed_data_real = binomial_coefficient_log(d_real, d_int);
   -------------------------------------------------

A returning function was expected but an undeclared identifier 'binomial_coefficient_log' was supplied.
  $ ../../../../../install/default/bin/stanc cdf_conditioning.stan
Semantic error in 'cdf_conditioning.stan', line 7, column 12 to column 28:
   -------------------------------------------------
     5:  }
     6:  model {
     7:    target += foo_cdf(1, 2, 3);
                     ^
     8:  }
   -------------------------------------------------

Probability functions with suffixes _lpdf, _lupdf, _lpmf, _lupmf, _cdf, _lcdf and _lccdf, require a vertical bar (|) between the first two arguments.
  $ ../../../../../install/default/bin/stanc cov_exp_quad.stan
Semantic error in 'cov_exp_quad.stan', line 17, column 28 to column 65:
   -------------------------------------------------
    15:    matrix[d_int_1, d_int_1] transformed_data_matrix;
    16:  
    17:    transformed_data_matrix = cov_exp_quad(d_arr_1, d_sigma, d_len);
                                     ^
    18:    transformed_data_matrix = cov_exp_quad(d_arr_1, d_arr_2, d_sigma, d_len);
    19:    transformed_data_matrix = cov_exp_quad(d_vec_1, d_sigma, d_len);
   -------------------------------------------------

A returning function was expected but an undeclared identifier 'cov_exp_quad' was supplied.
  $ ../../../../../install/default/bin/stanc decl.stan
Syntax error in 'decl.stan', line 2, column 7 to column 12, parsing error:
   -------------------------------------------------
     1:  data {
     2:     int array[5]; // this is terrible
                ^
     3:     array[5] int array2;
     4:  }
   -------------------------------------------------

Expected a new identifier but found reserved keyword 'array'.
  $ ../../../../../install/default/bin/stanc declarations.stan
Syntax error in 'declarations.stan', line 3, column 8 to column 9, parsing error:
   -------------------------------------------------
     1:  data {
     2:    int a0;
     3:    int a1[1];
                 ^
     4:    int a2[2,3];
     5:    array[1] int a3;
   -------------------------------------------------

";" expected after variable declaration.
  $ ../../../../../install/default/bin/stanc deprecated_tilde.stan
Semantic error in 'deprecated_tilde.stan', line 12, column 6 to column 19:
   -------------------------------------------------
    10:  
    11:  model {
    12:    1 ~ test_log_lpmf(2.5);
               ^
    13:    1.2 ~ test_log_lpdf(2.5);
    14:  }
   -------------------------------------------------

~ statement should refer to a distribution without its "_lpdf/_lupdf" or "_lpmf/_lupmf" suffix.
For example, "target += normal_lpdf(y, 0, 1)" should become "y ~ normal(0, 1)."
  $ ../../../../../install/default/bin/stanc duplicate-warns.stan
Semantic error in 'duplicate-warns.stan', line 4, column 2 to column 24:
   -------------------------------------------------
     2:    real foo;
     3:    foo = 1;
     4:    increment_log_prob(0);
           ^
     5:    foo = get_lp();
     6:    foo = multiply_log(1, 1);
   -------------------------------------------------

A non-returning function was expected but an undeclared identifier 'increment_log_prob' was supplied.
  $ ../../../../../install/default/bin/stanc get-lp-deprecate.stan
Semantic error in 'get-lp-deprecate.stan', line 5, column 19 to column 27:
   -------------------------------------------------
     3:  }
     4:  model {
     5:    print("target=", get_lp());
                            ^
     6:    y ~ normal(0, 1);
     7:  }
   -------------------------------------------------

A returning function was expected but an undeclared identifier 'get_lp' was supplied.
  $ ../../../../../install/default/bin/stanc get_lp_target.stan
Semantic error in 'get_lp_target.stan', line 6, column 21 to column 29:
   -------------------------------------------------
     4:  transformed parameters {
     5:    print("target = ", target());
     6:    print("get_lp = ", get_lp());
                              ^
     7:  }
     8:  model {
   -------------------------------------------------

A returning function was expected but an undeclared identifier 'get_lp' was supplied.
  $ ../../../../../install/default/bin/stanc identifiers.stan
Syntax error in 'identifiers.stan', line 2, column 6 to column 11, parsing error:
   -------------------------------------------------
     1:  data {
     2:    int upper;
               ^
     3:    int lower;
     4:    int multiplier;
   -------------------------------------------------

Expected a new identifier but found reserved keyword 'upper'.
  $ ../../../../../install/default/bin/stanc if_else.stan
Semantic error in 'if_else.stan', line 9, column 26 to column 54:
   -------------------------------------------------
     7:    real transformed_data_real;
     8:  
     9:    transformed_data_real = if_else(d_int, d_int, d_int);
                                   ^
    10:    transformed_data_real = if_else(d_int, d_int, d_real);
    11:    transformed_data_real = if_else(d_int, d_real, d_real);
   -------------------------------------------------

A returning function was expected but an undeclared identifier 'if_else' was supplied.
  $ ../../../../../install/default/bin/stanc increment_log_prob.stan
Semantic error in 'increment_log_prob.stan', line 42, column 2 to column 24:
   -------------------------------------------------
    40:  }
    41:  model {
    42:    increment_log_prob(n);
           ^
    43:    increment_log_prob(nn);
    44:    increment_log_prob(nnn);
   -------------------------------------------------

A non-returning function was expected but an undeclared identifier 'increment_log_prob' was supplied.
  $ ../../../../../install/default/bin/stanc lvalue_multiindex.stan
Semantic error in 'lvalue_multiindex.stan', line 6, column 3 to column 10:
   -------------------------------------------------
     4:  transformed data {
     5:     matrix[5,5] y;
     6:     y[:][:] = x[1][:][:];
            ^
     7:     y[:][1] = x[1][:][2];
     8:     array[5] matrix[5,5] z;
   -------------------------------------------------

Left hand side of an assignment cannot have nested multi-indexing.
  $ ../../../../../install/default/bin/stanc multiply_log.stan
Semantic error in 'multiply_log.stan', line 11, column 26 to column 54:
   -------------------------------------------------
     9:    real transformed_data_real;
    10:  
    11:    transformed_data_real = multiply_log(d_real, r_real);
                                   ^
    12:    transformed_data_real = multiply_log(d_int, r_real);
    13:    transformed_data_real = multiply_log(d_real, d_int);
   -------------------------------------------------

A returning function was expected but an undeclared identifier 'multiply_log' was supplied.
  $ ../../../../../install/default/bin/stanc old-log-funs.stan
Semantic error in 'old-log-funs.stan', line 3, column 6 to column 24:
   -------------------------------------------------
     1:  transformed data {
     2:    real x;
     3:    x = multiply_log(x, x);  // should raise deprecation warning
               ^
     4:    x = binomial_coefficient_log(x, x);  // ditto
     5:    x = lmultiply(x, x);  // new function is OK
   -------------------------------------------------

A returning function was expected but an undeclared identifier 'multiply_log' was supplied.
  $ ../../../../../install/default/bin/stanc pound-comment-deprecated.stan
Syntax error in 'pound-comment-deprecated.stan', line 2, column 1, lexing error:
   -------------------------------------------------
     1:  data {
     2:    # hey, this is the old way to do things, should raise warning
           ^
     3:    int N;
     4:  }
   -------------------------------------------------

Invalid character found.
  $ ../../../../../install/default/bin/stanc real-bools.stan
Error in 'real-bools.stan', line 6, column 9: Condition of type real was
    disallowed in Stan 2.34. Use an explicit != 0 comparison instead. This
    can be automatically changed using the canonicalize flag for stanc
Error in 'real-bools.stan', line 8, column 8: Condition of type real was
    disallowed in Stan 2.34. Use an explicit != 0 comparison instead. This
    can be automatically changed using the canonicalize flag for stanc
Error in 'real-bools.stan', line 11, column 19: Using a real as a boolean
    value was disallowed in Stan 2.34. Use an explicit != 0 comparison
    instead. This can be automatically changed using the canonicalize flag
    for stanc
Error in 'real-bools.stan', line 11, column 8: Using a real as a boolean
    value was disallowed in Stan 2.34. Use an explicit != 0 comparison
    instead. This can be automatically changed using the canonicalize flag
    for stanc
Error in 'real-bools.stan', line 11, column 14: Using a real as a boolean
    value was disallowed in Stan 2.34. Use an explicit != 0 comparison
    instead. This can be automatically changed using the canonicalize flag
    for stanc
  $ ../../../../../install/default/bin/stanc removed_deprecated_syntax.stan
Syntax error in 'removed_deprecated_syntax.stan', line 10, column 8 to column 9, parsing error:
   -------------------------------------------------
     8:    real a;
     9:    vector[3] b;
    10:    real c[7];
                 ^
    11:    real d[8, 9];
    12:  }
   -------------------------------------------------

";" expected after variable declaration.
  $ ../../../../../install/default/bin/stanc unreserved-array-keyword.stan
Syntax error in 'unreserved-array-keyword.stan', line 2, column 24 to column 29, parsing error:
   -------------------------------------------------
     1:  functions {
     2:    real f(array[,,] real array) { return array[1,2,3]; }
                                 ^
     3:  }
     4:  
   -------------------------------------------------

Expected a new identifier but found reserved keyword 'array'.
