  $ ../../../../../../install/default/bin/stanc --auto_format agerecruitment.stan
functions {
  int first_capture(int[] y_i) {
    for (k in 1 : size(y_i)) 
      if (y_i[k] != 4) 
        return k;
    return 0;
  }
}
data {
  int<lower=0> nind;
  int<lower=0> n_occasions;
  int<lower=1, upper=4> y[nind, n_occasions];
}
transformed data {
  int n_occ_minus_1 = n_occasions - 1;
  int<lower=0, upper=n_occasions> first[nind];
  for (i in 1 : nind) 
    first[i] = first_capture(y[i]);
}
parameters {
  real<lower=0, upper=1> mean_phi1;
  real<lower=0, upper=1> mean_phi2;
  real<lower=0, upper=1> mean_phiad;
  real<lower=0, upper=1> mean_alpha1;
  real<lower=0, upper=1> mean_alpha2;
  real<lower=0, upper=1> mean_pNB;
  real<lower=0, upper=1> mean_pB;
}
transformed parameters {
  vector<lower=0, upper=1>[n_occ_minus_1] phi_1;
  vector<lower=0, upper=1>[n_occ_minus_1] phi_2;
  vector<lower=0, upper=1>[n_occ_minus_1] phi_ad;
  vector<lower=0, upper=1>[n_occ_minus_1] alpha_1;
  vector<lower=0, upper=1>[n_occ_minus_1] alpha_2;
  vector<lower=0, upper=1>[n_occ_minus_1] p_NB;
  vector<lower=0, upper=1>[n_occ_minus_1] p_B;
  simplex[5] ps[5, nind, n_occ_minus_1];
  simplex[4] po[5, nind, n_occ_minus_1];
  for (t in 1 : n_occ_minus_1) {
    phi_1[t] = mean_phi1;
    phi_2[t] = mean_phi2;
    phi_ad[t] = mean_phiad;
    alpha_1[t] = mean_alpha1;
    alpha_2[t] = mean_alpha2;
    p_NB[t] = mean_pNB;
    p_B[t] = mean_pB;
  }
  for (i in 1 : nind) {
    for (t in 1 : n_occ_minus_1) {
      ps[1, i, t, 1] = 0.0;
      ps[1, i, t, 2] = phi_1[t] * (1 - alpha_1[t]);
      ps[1, i, t, 3] = 0.0;
      ps[1, i, t, 4] = phi_1[t] * alpha_1[t];
      ps[1, i, t, 5] = 1.0 - phi_1[t];
      ps[2, i, t, 1] = 0.0;
      ps[2, i, t, 2] = 0.0;
      ps[2, i, t, 3] = phi_2[t] * (1.0 - alpha_2[t]);
      ps[2, i, t, 4] = phi_2[t] * alpha_2[t];
      ps[2, i, t, 5] = 1.0 - phi_2[t];
      ps[3, i, t, 1] = 0.0;
      ps[3, i, t, 2] = 0.0;
      ps[3, i, t, 3] = 0.0;
      ps[3, i, t, 4] = phi_ad[t];
      ps[3, i, t, 5] = 1 - phi_ad[t];
      ps[4, i, t, 1] = 0.0;
      ps[4, i, t, 2] = 0.0;
      ps[4, i, t, 3] = 0.0;
      ps[4, i, t, 4] = phi_ad[t];
      ps[4, i, t, 5] = 1.0 - phi_ad[t];
      ps[5, i, t, 1] = 0.0;
      ps[5, i, t, 2] = 0.0;
      ps[5, i, t, 3] = 0.0;
      ps[5, i, t, 4] = 0.0;
      ps[5, i, t, 5] = 1.0;
      po[1, i, t, 1] = 0.0;
      po[1, i, t, 2] = 0.0;
      po[1, i, t, 3] = 0.0;
      po[1, i, t, 4] = 1.0;
      po[2, i, t, 1] = 0.0;
      po[2, i, t, 2] = p_NB[t];
      po[2, i, t, 3] = 0.0;
      po[2, i, t, 4] = 1.0 - p_NB[t];
      po[3, i, t, 1] = 0.0;
      po[3, i, t, 2] = p_NB[t];
      po[3, i, t, 3] = 0.0;
      po[3, i, t, 4] = 1.0 - p_NB[t];
      po[4, i, t, 1] = 0.0;
      po[4, i, t, 2] = 0.0;
      po[4, i, t, 3] = p_B[t];
      po[4, i, t, 4] = 1.0 - p_B[t];
      po[5, i, t, 1] = 0.0;
      po[5, i, t, 2] = 0.0;
      po[5, i, t, 3] = 0.0;
      po[5, i, t, 4] = 1.0;
    }
  }
}
model {
  real acc[5];
  vector[5] gamma[n_occasions];
  for (i in 1 : nind) {
    if (first[i] > 0) {
      for (k in 1 : 5) 
        gamma[first[i], k] = (k == y[i, first[i]]);
      for (t in (first[i] + 1) : n_occasions) {
        for (k in 1 : 5) {
          for (j in 1 : 5) 
            acc[j] = gamma[t - 1, j] * ps[j, i, t - 1, k]
                     * po[k, i, t - 1, y[i, t]];
          gamma[t, k] = sum(acc);
        }
      }
      target += log(sum(gamma[n_occasions]));
    }
  }
}

  $ ../../../../../../install/default/bin/stanc --auto_format ladyslipper.stan
functions {
  int first_capture(int[] y_i) {
    for (k in 1 : size(y_i)) 
      if (y_i[k] != 3) 
        return k;
    return 0;
  }
}
data {
  int<lower=0> nind;
  int<lower=0> n_occasions;
  int<lower=1, upper=3> y[nind, n_occasions];
}
transformed data {
  int n_occ_minus_1 = n_occasions - 1;
  int<lower=0, upper=n_occasions> first[nind];
  simplex[3] po[4, nind, n_occ_minus_1];
  for (i in 1 : nind) {
    first[i] = first_capture(y[i]);
    for (t in 1 : n_occ_minus_1) {
      po[1, i, t, 1] = 1.0;
      po[1, i, t, 2] = 0.0;
      po[1, i, t, 3] = 0.0;
      po[2, i, t, 1] = 0.0;
      po[2, i, t, 2] = 1.0;
      po[2, i, t, 3] = 0.0;
      po[3, i, t, 1] = 0.0;
      po[3, i, t, 2] = 0.0;
      po[3, i, t, 3] = 1.0;
      po[4, i, t, 1] = 0.0;
      po[4, i, t, 2] = 0.0;
      po[4, i, t, 3] = 1.0;
    }
  }
}
parameters {
  vector<lower=0, upper=1>[n_occasions - 1] s;
  vector<lower=0>[3] a;
  vector<lower=0>[3] b;
  vector<lower=0>[3] c;
}
transformed parameters {
  simplex[3] psiD;
  simplex[3] psiV;
  simplex[3] psiF;
  simplex[4] ps[4, nind, n_occasions - 1];
  for (i in 1 : 3) {
    psiD[i] = a[i] / sum(a);
    psiV[i] = b[i] / sum(b);
    psiF[i] = c[i] / sum(c);
  }
  for (i in 1 : nind) {
    for (t in 1 : n_occ_minus_1) {
      ps[1, i, t, 1] = s[t] * psiV[1];
      ps[1, i, t, 2] = s[t] * psiV[2];
      ps[1, i, t, 3] = s[t] * psiV[3];
      ps[1, i, t, 4] = 1.0 - s[t];
      ps[2, i, t, 1] = s[t] * psiF[1];
      ps[2, i, t, 2] = s[t] * psiF[2];
      ps[2, i, t, 3] = s[t] * psiF[3];
      ps[2, i, t, 4] = 1.0 - s[t];
      ps[3, i, t, 1] = s[t] * psiD[1];
      ps[3, i, t, 2] = s[t] * psiD[2];
      ps[3, i, t, 3] = s[t] * psiD[3];
      ps[3, i, t, 4] = 1.0 - s[t];
      ps[4, i, t, 1] = 0.0;
      ps[4, i, t, 2] = 0.0;
      ps[4, i, t, 3] = 0.0;
      ps[4, i, t, 4] = 1.0;
    }
  }
}
model {
  real acc[4];
  vector[4] gamma[n_occasions];
  a ~ gamma(1, 1);
  b ~ gamma(1, 1);
  c ~ gamma(1, 1);
  for (i in 1 : nind) {
    if (first[i] > 0) {
      for (k in 1 : 4) 
        gamma[first[i], k] = (y[i, first[i]] == k);
      for (t in (first[i] + 1) : n_occasions) {
        for (k in 1 : 4) {
          for (j in 1 : 4) 
            acc[j] = gamma[t - 1, j] * ps[j, i, t - 1, k]
                     * po[k, i, t - 1, y[i, t]];
          gamma[t, k] = sum(acc);
        }
      }
      target += log(sum(gamma[n_occasions]));
    }
  }
}

  $ ../../../../../../install/default/bin/stanc --auto_format lifedead.stan
functions {
  int first_capture(int[] y_i) {
    for (k in 1 : size(y_i)) 
      if (y_i[k] != 3) 
        return k;
    return 0;
  }
}
data {
  int<lower=0> nind;
  int<lower=0> n_occasions;
  int<lower=1, upper=3> y[nind, n_occasions];
}
transformed data {
  int n_occ_minus_1 = n_occasions - 1;
  int<lower=0, upper=n_occasions> first[nind];
  for (i in 1 : nind) 
    first[i] = first_capture(y[i]);
}
parameters {
  real<lower=0, upper=1> mean_s;
  real<lower=0, upper=1> mean_f;
  real<lower=0, upper=1> mean_r;
  real<lower=0, upper=1> mean_p;
}
transformed parameters {
  vector<lower=0, upper=1>[n_occ_minus_1] s;
  vector<lower=0, upper=1>[n_occ_minus_1] F;
  vector<lower=0, upper=1>[n_occ_minus_1] r;
  vector<lower=0, upper=1>[n_occ_minus_1] p;
  simplex[4] ps[4, nind, n_occ_minus_1];
  simplex[3] po[4, nind, n_occ_minus_1];
  for (t in 1 : n_occ_minus_1) {
    s[t] = mean_s;
    F[t] = mean_f;
    r[t] = mean_r;
    p[t] = mean_p;
  }
  for (i in 1 : nind) {
    for (t in 1 : n_occ_minus_1) {
      ps[1, i, t, 1] = s[t] * F[t];
      ps[1, i, t, 2] = s[t] * (1.0 - F[t]);
      ps[1, i, t, 3] = (1.0 - s[t]) * r[t];
      ps[1, i, t, 4] = (1.0 - s[t]) * (1.0 - r[t]);
      ps[2, i, t, 1] = 0.0;
      ps[2, i, t, 2] = s[t];
      ps[2, i, t, 3] = (1.0 - s[t]) * r[t];
      ps[2, i, t, 4] = (1.0 - s[t]) * (1.0 - r[t]);
      ps[3, i, t, 1] = 0.0;
      ps[3, i, t, 2] = 0.0;
      ps[3, i, t, 3] = 0.0;
      ps[3, i, t, 4] = 1.0;
      ps[4, i, t, 1] = 0.0;
      ps[4, i, t, 2] = 0.0;
      ps[4, i, t, 3] = 0.0;
      ps[4, i, t, 4] = 1.0;
      po[1, i, t, 1] = p[t];
      po[1, i, t, 2] = 0.0;
      po[1, i, t, 3] = 1.0 - p[t];
      po[2, i, t, 1] = 0.0;
      po[2, i, t, 2] = 0.0;
      po[2, i, t, 3] = 1.0;
      po[3, i, t, 1] = 0.0;
      po[3, i, t, 2] = 1.0;
      po[3, i, t, 3] = 0.0;
      po[4, i, t, 1] = 0.0;
      po[4, i, t, 2] = 0.0;
      po[4, i, t, 3] = 1.0;
    }
  }
}
model {
  real acc[4];
  vector[4] gamma[n_occasions];
  for (i in 1 : nind) {
    if (first[i] > 0) {
      for (k in 1 : 4) 
        gamma[first[i], k] = (k == y[i, first[i]]);
      for (t in (first[i] + 1) : n_occasions) {
        for (k in 1 : 4) {
          for (j in 1 : 4) 
            acc[j] = gamma[t - 1, j] * ps[j, i, t - 1, k]
                     * po[k, i, t - 1, y[i, t]];
          gamma[t, k] = sum(acc);
        }
      }
      target += log(sum(gamma[n_occasions]));
    }
  }
}

  $ ../../../../../../install/default/bin/stanc --auto_format ms.stan
functions {
  int first_capture(int[] y_i) {
    for (k in 1 : size(y_i)) 
      if (y_i[k] != 3) 
        return k;
    return 0;
  }
}
data {
  int<lower=0> nind;
  int<lower=0> n_occasions;
  int<lower=1, upper=3> y[nind, n_occasions];
}
transformed data {
  int n_occ_minus_1 = n_occasions - 1;
  int<lower=0, upper=n_occasions> first[nind];
  for (i in 1 : nind) 
    first[i] = first_capture(y[i]);
}
parameters {
  real<lower=0, upper=1> mean_phi[2];
  real<lower=0, upper=1> mean_psi[2];
  real<lower=0, upper=1> mean_p[2];
}
transformed parameters {
  vector<lower=0, upper=1>[n_occ_minus_1] phiA;
  vector<lower=0, upper=1>[n_occ_minus_1] phiB;
  vector<lower=0, upper=1>[n_occ_minus_1] psiAB;
  vector<lower=0, upper=1>[n_occ_minus_1] psiBA;
  vector<lower=0, upper=1>[n_occ_minus_1] pA;
  vector<lower=0, upper=1>[n_occ_minus_1] pB;
  simplex[3] ps[3, nind, n_occ_minus_1];
  simplex[3] po[3, nind, n_occ_minus_1];
  for (t in 1 : n_occ_minus_1) {
    phiA[t] = mean_phi[1];
    phiB[t] = mean_phi[2];
    psiAB[t] = mean_psi[1];
    psiBA[t] = mean_psi[2];
    pA[t] = mean_p[1];
    pB[t] = mean_p[2];
  }
  for (i in 1 : nind) {
    for (t in 1 : (n_occasions - 1)) {
      ps[1, i, t, 1] = phiA[t] * (1.0 - psiAB[t]);
      ps[1, i, t, 2] = phiA[t] * psiAB[t];
      ps[1, i, t, 3] = 1.0 - phiA[t];
      ps[2, i, t, 1] = phiB[t] * psiBA[t];
      ps[2, i, t, 2] = phiB[t] * (1 - psiBA[t]);
      ps[2, i, t, 3] = 1.0 - phiB[t];
      ps[3, i, t, 1] = 0.0;
      ps[3, i, t, 2] = 0.0;
      ps[3, i, t, 3] = 1.0;
      po[1, i, t, 1] = pA[t];
      po[1, i, t, 2] = 0.0;
      po[1, i, t, 3] = 1.0 - pA[t];
      po[2, i, t, 1] = 0.0;
      po[2, i, t, 2] = pB[t];
      po[2, i, t, 3] = 1.0 - pB[t];
      po[3, i, t, 1] = 0.0;
      po[3, i, t, 2] = 0.0;
      po[3, i, t, 3] = 1.0;
    }
  }
}
model {
  real acc[3];
  vector[3] gamma[n_occasions];
  for (i in 1 : nind) {
    if (first[i] > 0) {
      for (k in 1 : 3) 
        gamma[first[i], k] = (k == y[i, first[i]]);
      for (t in (first[i] + 1) : n_occasions) {
        for (k in 1 : 3) {
          for (j in 1 : 3) 
            acc[j] = gamma[t - 1, j] * ps[j, i, t - 1, k]
                     * po[k, i, t - 1, y[i, t]];
          gamma[t, k] = sum(acc);
        }
      }
      target += log(sum(gamma[n_occasions]));
    }
  }
}

  $ ../../../../../../install/default/bin/stanc --auto_format ms3_multinomlogit.stan
functions {
  int first_capture(int[] y_i) {
    for (k in 1 : size(y_i)) 
      if (y_i[k] != 4) 
        return k;
    return 0;
  }
  vector softmax_0(vector lp) {
    vector[num_elements(lp) + 1] lp_temp;
    lp_temp[1 : num_elements(lp)] = lp;
    lp_temp[num_elements(lp) + 1] = 0;
    return softmax(lp_temp);
  }
}
data {
  int<lower=0> nind;
  int<lower=0> n_occasions;
  int<lower=1, upper=4> y[nind, n_occasions];
}
transformed data {
  int n_occ_minus_1 = n_occasions - 1;
  int<lower=0, upper=n_occasions> first[nind];
  for (i in 1 : nind) 
    first[i] = first_capture(y[i]);
}
parameters {
  real<lower=0, upper=1> phiA;
  real<lower=0, upper=1> phiB;
  real<lower=0, upper=1> phiC;
  real<lower=0, upper=1> pA;
  real<lower=0, upper=1> pB;
  real<lower=0, upper=1> pC;
  vector[2] lpsiA;
  vector[2] lpsiB;
  vector[2] lpsiC;
}
transformed parameters {
  simplex[3] psiA;
  simplex[3] psiB;
  simplex[3] psiC;
  simplex[4] ps[4, nind, n_occ_minus_1];
  simplex[4] po[4, nind, n_occ_minus_1];
  psiA = softmax_0(lpsiA);
  psiB = softmax_0(lpsiB);
  psiC = softmax_0(lpsiC);
  for (i in 1 : nind) {
    for (t in 1 : n_occ_minus_1) {
      ps[1, i, t, 1] = phiA * psiA[1];
      ps[1, i, t, 2] = phiA * psiA[2];
      ps[1, i, t, 3] = phiA * psiA[3];
      ps[1, i, t, 4] = 1.0 - phiA;
      ps[2, i, t, 1] = phiB * psiB[1];
      ps[2, i, t, 2] = phiB * psiB[2];
      ps[2, i, t, 3] = phiB * psiB[3];
      ps[2, i, t, 4] = 1.0 - phiB;
      ps[3, i, t, 1] = phiC * psiC[1];
      ps[3, i, t, 2] = phiC * psiC[2];
      ps[3, i, t, 3] = phiC * psiC[3];
      ps[3, i, t, 4] = 1.0 - phiC;
      ps[4, i, t, 1] = 0.0;
      ps[4, i, t, 2] = 0.0;
      ps[4, i, t, 3] = 0.0;
      ps[4, i, t, 4] = 1.0;
      po[1, i, t, 1] = pA;
      po[1, i, t, 2] = 0.0;
      po[1, i, t, 3] = 0.0;
      po[1, i, t, 4] = 1.0 - pA;
      po[2, i, t, 1] = 0.0;
      po[2, i, t, 2] = pB;
      po[2, i, t, 3] = 0.0;
      po[2, i, t, 4] = 1.0 - pB;
      po[3, i, t, 1] = 0.0;
      po[3, i, t, 2] = 0.0;
      po[3, i, t, 3] = pC;
      po[3, i, t, 4] = 1.0 - pC;
      po[4, i, t, 1] = 0.0;
      po[4, i, t, 2] = 0.0;
      po[4, i, t, 3] = 0.0;
      po[4, i, t, 4] = 1.0;
    }
  }
}
model {
  real acc[4];
  vector[4] gamma[n_occasions];
  lpsiA ~ normal(0, sqrt(1000));
  lpsiB ~ normal(0, sqrt(1000));
  lpsiC ~ normal(0, sqrt(1000));
  for (i in 1 : nind) {
    if (first[i] > 0) {
      for (k in 1 : 4) 
        gamma[first[i], k] = (y[i, first[i]] == k);
      for (t in (first[i] + 1) : n_occasions) {
        for (k in 1 : 4) {
          for (j in 1 : 4) 
            acc[j] = gamma[t - 1, j] * ps[j, i, t - 1, k]
                     * po[k, i, t - 1, y[i, t]];
          gamma[t, k] = sum(acc);
        }
      }
      target += log(sum(gamma[n_occasions]));
    }
  }
}

  $ ../../../../../../install/default/bin/stanc --auto_format ms_alternative1.stan
functions {
  int first_capture(int[] y_i) {
    for (k in 1 : size(y_i)) 
      if (y_i[k] != 3) 
        return k;
    return 0;
  }
}
data {
  int<lower=0> nind;
  int<lower=0> n_occasions;
  int<lower=1, upper=3> y[nind, n_occasions];
}
transformed data {
  int n_occ_minus_1 = n_occasions - 1;
  int<lower=0, upper=n_occasions> first[nind];
  for (i in 1 : nind) 
    first[i] = first_capture(y[i]);
}
parameters {
  real<lower=0, upper=1> mean_phi[2];
  real<lower=0, upper=1> mean_psi[2];
  real<lower=0, upper=1> mean_p[2];
}
transformed parameters {
  vector<lower=0, upper=1>[n_occ_minus_1] phiA;
  vector<lower=0, upper=1>[n_occ_minus_1] phiB;
  vector<lower=0, upper=1>[n_occ_minus_1] psiAB;
  vector<lower=0, upper=1>[n_occ_minus_1] psiBA;
  vector<lower=0, upper=1>[n_occ_minus_1] pA;
  vector<lower=0, upper=1>[n_occ_minus_1] pB;
  simplex[3] ps[3, n_occ_minus_1];
  simplex[3] po[3, n_occ_minus_1];
  for (t in 1 : n_occ_minus_1) {
    phiA[t] = mean_phi[1];
    phiB[t] = mean_phi[2];
    psiAB[t] = mean_psi[1];
    psiBA[t] = mean_psi[2];
    pA[t] = mean_p[1];
    pB[t] = mean_p[2];
  }
  for (t in 1 : n_occ_minus_1) {
    ps[1, t, 1] = phiA[t] * (1.0 - psiAB[t]);
    ps[1, t, 2] = phiA[t] * psiAB[t];
    ps[1, t, 3] = 1.0 - phiA[t];
    ps[2, t, 1] = phiB[t] * psiBA[t];
    ps[2, t, 2] = phiB[t] * (1 - psiBA[t]);
    ps[2, t, 3] = 1.0 - phiB[t];
    ps[3, t, 1] = 0.0;
    ps[3, t, 2] = 0.0;
    ps[3, t, 3] = 1.0;
    po[1, t, 1] = pA[t];
    po[1, t, 2] = 0.0;
    po[1, t, 3] = 1.0 - pA[t];
    po[2, t, 1] = 0.0;
    po[2, t, 2] = pB[t];
    po[2, t, 3] = 1.0 - pB[t];
    po[3, t, 1] = 0.0;
    po[3, t, 2] = 0.0;
    po[3, t, 3] = 1.0;
  }
}
model {
  real acc[3];
  vector[3] gamma[n_occasions];
  for (i in 1 : nind) {
    if (first[i] > 0) {
      for (k in 1 : 3) 
        gamma[first[i], k] = (k == y[i, first[i]]);
      for (t in (first[i] + 1) : n_occasions) {
        for (k in 1 : 3) {
          for (j in 1 : 3) 
            acc[j] = gamma[t - 1, j] * ps[j, t - 1, k]
                     * po[k, t - 1, y[i, t]];
          gamma[t, k] = sum(acc);
        }
      }
      target += log(sum(gamma[n_occasions]));
    }
  }
}

  $ ../../../../../../install/default/bin/stanc --auto_format ms_alternative2.stan
functions {
  int first_capture(int[] y_i) {
    for (k in 1 : size(y_i)) 
      if (y_i[k] != 3) 
        return k;
    return 0;
  }
}
data {
  int<lower=0> nind;
  int<lower=0> n_occasions;
  int<lower=1, upper=3> y[nind, n_occasions];
}
transformed data {
  int<lower=0, upper=n_occasions> first[nind];
  for (i in 1 : nind) 
    first[i] = first_capture(y[i]);
}
parameters {
  real<lower=0, upper=1> phiA;
  real<lower=0, upper=1> phiB;
  real<lower=0, upper=1> psiAB;
  real<lower=0, upper=1> psiBA;
  real<lower=0, upper=1> pA;
  real<lower=0, upper=1> pB;
}
transformed parameters {
  simplex[3] ps[3];
  simplex[3] po[3];
  ps[1, 1] = phiA * (1.0 - psiAB);
  ps[1, 2] = phiA * psiAB;
  ps[1, 3] = 1.0 - phiA;
  ps[2, 1] = phiB * psiBA;
  ps[2, 2] = phiB * (1 - psiBA);
  ps[2, 3] = 1.0 - phiB;
  ps[3, 1] = 0.0;
  ps[3, 2] = 0.0;
  ps[3, 3] = 1.0;
  po[1, 1] = pA;
  po[1, 2] = 0.0;
  po[1, 3] = 1.0 - pA;
  po[2, 1] = 0.0;
  po[2, 2] = pB;
  po[2, 3] = 1.0 - pB;
  po[3, 1] = 0.0;
  po[3, 2] = 0.0;
  po[3, 3] = 1.0;
}
model {
  real acc[3];
  vector[3] gamma[n_occasions];
  for (i in 1 : nind) {
    if (first[i] > 0) {
      for (k in 1 : 3) 
        gamma[first[i], k] = (k == y[i, first[i]]);
      for (t in (first[i] + 1) : n_occasions) {
        for (k in 1 : 3) {
          for (j in 1 : 3) 
            acc[j] = gamma[t - 1, j] * ps[j, k] * po[k, y[i, t]];
          gamma[t, k] = sum(acc);
        }
      }
      target += log(sum(gamma[n_occasions]));
    }
  }
}

  $ ../../../../../../install/default/bin/stanc --auto_format tempemi.stan
functions {
  int first_capture(int[] y_i) {
    for (k in 1 : size(y_i)) 
      if (y_i[k] == 1) 
        return k;
    return 0;
  }
}
data {
  int<lower=0> nind;
  int<lower=0> n_occasions;
  int<lower=1, upper=2> y[nind, n_occasions];
}
transformed data {
  int n_occ_minus_1 = n_occasions - 1;
  int<lower=0, upper=n_occasions> first[nind];
  for (i in 1 : nind) 
    first[i] = first_capture(y[i]);
}
parameters {
  real<lower=0, upper=1> mean_phi;
  real<lower=0, upper=1> mean_psiIO;
  real<lower=0, upper=1> mean_psiOI;
  real<lower=0, upper=1> mean_p;
}
transformed parameters {
  vector<lower=0, upper=1>[n_occ_minus_1] phi;
  vector<lower=0, upper=1>[n_occ_minus_1] psiIO;
  vector<lower=0, upper=1>[n_occ_minus_1] psiOI;
  vector<lower=0, upper=1>[n_occ_minus_1] p;
  simplex[3] ps[3, nind, n_occ_minus_1];
  simplex[2] po[3, nind, n_occ_minus_1];
  for (t in 1 : n_occ_minus_1) {
    phi[t] = mean_phi;
    psiIO[t] = mean_psiIO;
    psiOI[t] = mean_psiOI;
    p[t] = mean_p;
  }
  for (i in 1 : nind) {
    for (t in 1 : n_occ_minus_1) {
      ps[1, i, t, 1] = phi[t] * (1.0 - psiIO[t]);
      ps[1, i, t, 2] = phi[t] * psiIO[t];
      ps[1, i, t, 3] = 1.0 - phi[t];
      ps[2, i, t, 1] = phi[t] * psiOI[t];
      ps[2, i, t, 2] = phi[t] * (1.0 - psiOI[t]);
      ps[2, i, t, 3] = 1.0 - phi[t];
      ps[3, i, t, 1] = 0.0;
      ps[3, i, t, 2] = 0.0;
      ps[3, i, t, 3] = 1.0;
      po[1, i, t, 1] = p[t];
      po[1, i, t, 2] = 1.0 - p[t];
      po[2, i, t, 1] = 0.0;
      po[2, i, t, 2] = 1.0;
      po[3, i, t, 1] = 0.0;
      po[3, i, t, 2] = 1.0;
    }
  }
}
model {
  real acc[3];
  vector[3] gamma[n_occasions];
  for (i in 1 : nind) {
    if (first[i] > 0) {
      for (k in 1 : 3) 
        gamma[first[i], k] = (k == y[i, first[i]]);
      for (t in (first[i] + 1) : n_occasions) {
        for (k in 1 : 3) {
          for (j in 1 : 3) 
            acc[j] = gamma[t - 1, j] * ps[j, i, t - 1, k]
                     * po[k, i, t - 1, y[i, t]];
          gamma[t, k] = sum(acc);
        }
      }
      target += log(sum(gamma[n_occasions]));
    }
  }
}

