  $ ../../../../../../../install/default/bin/stanc --auto_format eyes.stan
data {
  int<lower=0> N;
  real y[N];
}
parameters {
  real<lower=0> sigmasq;
  real<lower=0> theta;
  real lambda_1;
  real<lower=0, upper=1> p1;
}
transformed parameters {
  real lambda[2];
  real sigma;
  sigma <- sqrt(sigmasq);
  lambda[1] <- lambda_1;
  lambda[2] <- lambda[1] + theta;
}
model {
  theta ~ normal(0, 100);
  lambda_1 ~ normal(0, 1e3);
  sigmasq ~ inv_gamma(1e-3, 1e-3);
  {
    real log_p1;
    real log1m_p1;
    log_p1 <- log(p1);
    log1m_p1 <- log1m(p1);
    for (n in 1 : N) 
      increment_log_prob(log_sum_exp(log_p1
                                     + normal_log(y[n], lambda[1], sigma),
                                     log1m_p1
                                     + normal_log(y[n], lambda[2], sigma)));
  }
}


Warning: deprecated language construct used in 'eyes.stan', line 22, column 11:
   -------------------------------------------------
    20:      real lambda[2];
    21:      real sigma; 
    22:      sigma <- sqrt(sigmasq); 
                    ^
    23:      lambda[1] <- lambda_1;
    24:      lambda[2] <- lambda[1] + theta;
   -------------------------------------------------

assignment operator <- is deprecated in the Stan language; use = instead.


Warning: deprecated language construct used in 'eyes.stan', line 23, column 15:
   -------------------------------------------------
    21:      real sigma; 
    22:      sigma <- sqrt(sigmasq); 
    23:      lambda[1] <- lambda_1;
                        ^
    24:      lambda[2] <- lambda[1] + theta;
    25:  }
   -------------------------------------------------

assignment operator <- is deprecated in the Stan language; use = instead.


Warning: deprecated language construct used in 'eyes.stan', line 24, column 15:
   -------------------------------------------------
    22:      sigma <- sqrt(sigmasq); 
    23:      lambda[1] <- lambda_1;
    24:      lambda[2] <- lambda[1] + theta;
                        ^
    25:  }
    26:  model {
   -------------------------------------------------

assignment operator <- is deprecated in the Stan language; use = instead.


Warning: deprecated language construct used in 'eyes.stan', line 34, column 12:
   -------------------------------------------------
    32:      real log_p1;
    33:      real log1m_p1;
    34:      log_p1 <- log(p1);
                     ^
    35:      log1m_p1 <- log1m(p1);
    36:      for (n in 1:N)
   -------------------------------------------------

assignment operator <- is deprecated in the Stan language; use = instead.


Warning: deprecated language construct used in 'eyes.stan', line 35, column 14:
   -------------------------------------------------
    33:      real log1m_p1;
    34:      log_p1 <- log(p1);
    35:      log1m_p1 <- log1m(p1);
                       ^
    36:      for (n in 1:N)
    37:        increment_log_prob(log_sum_exp(log_p1
   -------------------------------------------------

assignment operator <- is deprecated in the Stan language; use = instead.


Warning: deprecated language construct used in 'eyes.stan', line 37, column 23:
   -------------------------------------------------
    35:      log1m_p1 <- log1m(p1);
    36:      for (n in 1:N)
    37:        increment_log_prob(log_sum_exp(log_p1
                                ^
    38:                                         + normal_log(y[n], lambda[1], sigma), 
    39:                                       log1m_p1
   -------------------------------------------------

increment_log_prob(...); is deprecated and will be removed in the future. Use target += ...; instead.

