  $ ../../../../../../../install/default/bin/stanc --auto_format camel.stan
transformed data {
  vector[2] mu;
  matrix[2, 2] S;
  mu[1] <- 0;
  mu[2] <- 0;
  S[1, 1] <- 1000;
  S[1, 2] <- 0;
  S[2, 1] <- 0;
  S[2, 2] <- 1000;
}
parameters {
  cov_matrix[2] Sigma;
  real y52;
  real y62;
  real y72;
  real y82;
  real y91;
  real y101;
  real y111;
  real y121;
}
model {
  vector[2] Y[12];
  Y[1, 1] <- 1;
  Y[1, 2] <- 1;
  Y[2, 1] <- 1;
  Y[2, 2] <- -1;
  Y[3, 1] <- -1;
  Y[3, 2] <- 1;
  Y[4, 1] <- -1;
  Y[4, 2] <- -1;
  Y[5, 1] <- 2;
  Y[6, 1] <- 2;
  Y[7, 1] <- -2;
  Y[8, 1] <- -2;
  Y[5, 2] <- y52;
  Y[6, 2] <- y62;
  Y[7, 2] <- y72;
  Y[8, 2] <- y82;
  Y[9, 1] <- y91;
  Y[10, 1] <- y101;
  Y[11, 1] <- y111;
  Y[12, 1] <- y121;
  Y[9, 2] <- 2;
  Y[10, 2] <- 2;
  Y[11, 2] <- -2;
  Y[12, 2] <- -2;
  increment_log_prob(-1.5 * log(determinant(Sigma)));
  for (n in 1 : 12) 
    Y[n] ~ multi_normal(mu, Sigma);
}
generated quantities {
  real<lower=-1, upper=1> rho;
  rho <- Sigma[1, 2] / sqrt(Sigma[1, 1] * Sigma[2, 2]);
}


Warning: deprecated language construct used in 'camel.stan', line 10, column 9:
   -------------------------------------------------
     8:    vector[2] mu; 
     9:    matrix[2, 2] S; 
    10:    mu[1] <- 0; 
                  ^
    11:    mu[2] <- 0; 
    12:    S[1, 1] <- 1000; 
   -------------------------------------------------

assignment operator <- is deprecated in the Stan language; use = instead.


Warning: deprecated language construct used in 'camel.stan', line 11, column 9:
   -------------------------------------------------
     9:    matrix[2, 2] S; 
    10:    mu[1] <- 0; 
    11:    mu[2] <- 0; 
                  ^
    12:    S[1, 1] <- 1000; 
    13:    S[1, 2] <- 0;
   -------------------------------------------------

assignment operator <- is deprecated in the Stan language; use = instead.


Warning: deprecated language construct used in 'camel.stan', line 12, column 11:
   -------------------------------------------------
    10:    mu[1] <- 0; 
    11:    mu[2] <- 0; 
    12:    S[1, 1] <- 1000; 
                    ^
    13:    S[1, 2] <- 0;
    14:    S[2, 1] <- 0;
   -------------------------------------------------

assignment operator <- is deprecated in the Stan language; use = instead.


Warning: deprecated language construct used in 'camel.stan', line 13, column 11:
   -------------------------------------------------
    11:    mu[2] <- 0; 
    12:    S[1, 1] <- 1000; 
    13:    S[1, 2] <- 0;
                    ^
    14:    S[2, 1] <- 0;
    15:    S[2, 2] <- 1000;
   -------------------------------------------------

assignment operator <- is deprecated in the Stan language; use = instead.


Warning: deprecated language construct used in 'camel.stan', line 14, column 11:
   -------------------------------------------------
    12:    S[1, 1] <- 1000; 
    13:    S[1, 2] <- 0;
    14:    S[2, 1] <- 0;
                    ^
    15:    S[2, 2] <- 1000;
    16:  } 
   -------------------------------------------------

assignment operator <- is deprecated in the Stan language; use = instead.


Warning: deprecated language construct used in 'camel.stan', line 15, column 11:
   -------------------------------------------------
    13:    S[1, 2] <- 0;
    14:    S[2, 1] <- 0;
    15:    S[2, 2] <- 1000;
                    ^
    16:  } 
    17:  parameters { 
   -------------------------------------------------

assignment operator <- is deprecated in the Stan language; use = instead.


Warning: deprecated language construct used in 'camel.stan', line 30, column 11:
   -------------------------------------------------
    28:  model {
    29:    vector[2] Y[12]; 
    30:    Y[1, 1] <- 1; 
                    ^
    31:    Y[1, 2] <- 1; 
    32:    Y[2, 1] <- 1; 
   -------------------------------------------------

assignment operator <- is deprecated in the Stan language; use = instead.


Warning: deprecated language construct used in 'camel.stan', line 31, column 11:
   -------------------------------------------------
    29:    vector[2] Y[12]; 
    30:    Y[1, 1] <- 1; 
    31:    Y[1, 2] <- 1; 
                    ^
    32:    Y[2, 1] <- 1; 
    33:    Y[2, 2] <- -1; 
   -------------------------------------------------

assignment operator <- is deprecated in the Stan language; use = instead.


Warning: deprecated language construct used in 'camel.stan', line 32, column 11:
   -------------------------------------------------
    30:    Y[1, 1] <- 1; 
    31:    Y[1, 2] <- 1; 
    32:    Y[2, 1] <- 1; 
                    ^
    33:    Y[2, 2] <- -1; 
    34:    Y[3, 1] <- -1; 
   -------------------------------------------------

assignment operator <- is deprecated in the Stan language; use = instead.


Warning: deprecated language construct used in 'camel.stan', line 33, column 11:
   -------------------------------------------------
    31:    Y[1, 2] <- 1; 
    32:    Y[2, 1] <- 1; 
    33:    Y[2, 2] <- -1; 
                    ^
    34:    Y[3, 1] <- -1; 
    35:    Y[3, 2] <- 1; 
   -------------------------------------------------

assignment operator <- is deprecated in the Stan language; use = instead.


Warning: deprecated language construct used in 'camel.stan', line 34, column 11:
   -------------------------------------------------
    32:    Y[2, 1] <- 1; 
    33:    Y[2, 2] <- -1; 
    34:    Y[3, 1] <- -1; 
                    ^
    35:    Y[3, 2] <- 1; 
    36:    Y[4, 1] <- -1; 
   -------------------------------------------------

assignment operator <- is deprecated in the Stan language; use = instead.


Warning: deprecated language construct used in 'camel.stan', line 35, column 11:
   -------------------------------------------------
    33:    Y[2, 2] <- -1; 
    34:    Y[3, 1] <- -1; 
    35:    Y[3, 2] <- 1; 
                    ^
    36:    Y[4, 1] <- -1; 
    37:    Y[4, 2] <- -1; 
   -------------------------------------------------

assignment operator <- is deprecated in the Stan language; use = instead.


Warning: deprecated language construct used in 'camel.stan', line 36, column 11:
   -------------------------------------------------
    34:    Y[3, 1] <- -1; 
    35:    Y[3, 2] <- 1; 
    36:    Y[4, 1] <- -1; 
                    ^
    37:    Y[4, 2] <- -1; 
    38:  
   -------------------------------------------------

assignment operator <- is deprecated in the Stan language; use = instead.


Warning: deprecated language construct used in 'camel.stan', line 37, column 11:
   -------------------------------------------------
    35:    Y[3, 2] <- 1; 
    36:    Y[4, 1] <- -1; 
    37:    Y[4, 2] <- -1; 
                    ^
    38:  
    39:    Y[5, 1] <- 2; 
   -------------------------------------------------

assignment operator <- is deprecated in the Stan language; use = instead.


Warning: deprecated language construct used in 'camel.stan', line 39, column 11:
   -------------------------------------------------
    37:    Y[4, 2] <- -1; 
    38:  
    39:    Y[5, 1] <- 2; 
                    ^
    40:    Y[6, 1] <- 2; 
    41:    Y[7, 1] <- -2; 
   -------------------------------------------------

assignment operator <- is deprecated in the Stan language; use = instead.


Warning: deprecated language construct used in 'camel.stan', line 40, column 11:
   -------------------------------------------------
    38:  
    39:    Y[5, 1] <- 2; 
    40:    Y[6, 1] <- 2; 
                    ^
    41:    Y[7, 1] <- -2; 
    42:    Y[8, 1] <- -2; 
   -------------------------------------------------

assignment operator <- is deprecated in the Stan language; use = instead.


Warning: deprecated language construct used in 'camel.stan', line 41, column 11:
   -------------------------------------------------
    39:    Y[5, 1] <- 2; 
    40:    Y[6, 1] <- 2; 
    41:    Y[7, 1] <- -2; 
                    ^
    42:    Y[8, 1] <- -2; 
    43:    Y[5, 2] <- y52; 
   -------------------------------------------------

assignment operator <- is deprecated in the Stan language; use = instead.


Warning: deprecated language construct used in 'camel.stan', line 42, column 11:
   -------------------------------------------------
    40:    Y[6, 1] <- 2; 
    41:    Y[7, 1] <- -2; 
    42:    Y[8, 1] <- -2; 
                    ^
    43:    Y[5, 2] <- y52; 
    44:    Y[6, 2] <- y62; 
   -------------------------------------------------

assignment operator <- is deprecated in the Stan language; use = instead.


Warning: deprecated language construct used in 'camel.stan', line 43, column 11:
   -------------------------------------------------
    41:    Y[7, 1] <- -2; 
    42:    Y[8, 1] <- -2; 
    43:    Y[5, 2] <- y52; 
                    ^
    44:    Y[6, 2] <- y62; 
    45:    Y[7, 2] <- y72; 
   -------------------------------------------------

assignment operator <- is deprecated in the Stan language; use = instead.


Warning: deprecated language construct used in 'camel.stan', line 44, column 11:
   -------------------------------------------------
    42:    Y[8, 1] <- -2; 
    43:    Y[5, 2] <- y52; 
    44:    Y[6, 2] <- y62; 
                    ^
    45:    Y[7, 2] <- y72; 
    46:    Y[8, 2] <- y82; 
   -------------------------------------------------

assignment operator <- is deprecated in the Stan language; use = instead.


Warning: deprecated language construct used in 'camel.stan', line 45, column 11:
   -------------------------------------------------
    43:    Y[5, 2] <- y52; 
    44:    Y[6, 2] <- y62; 
    45:    Y[7, 2] <- y72; 
                    ^
    46:    Y[8, 2] <- y82; 
    47:    Y[9, 1] <- y91; 
   -------------------------------------------------

assignment operator <- is deprecated in the Stan language; use = instead.


Warning: deprecated language construct used in 'camel.stan', line 46, column 11:
   -------------------------------------------------
    44:    Y[6, 2] <- y62; 
    45:    Y[7, 2] <- y72; 
    46:    Y[8, 2] <- y82; 
                    ^
    47:    Y[9, 1] <- y91; 
    48:    Y[10, 1] <- y101; 
   -------------------------------------------------

assignment operator <- is deprecated in the Stan language; use = instead.


Warning: deprecated language construct used in 'camel.stan', line 47, column 11:
   -------------------------------------------------
    45:    Y[7, 2] <- y72; 
    46:    Y[8, 2] <- y82; 
    47:    Y[9, 1] <- y91; 
                    ^
    48:    Y[10, 1] <- y101; 
    49:    Y[11, 1] <- y111; 
   -------------------------------------------------

assignment operator <- is deprecated in the Stan language; use = instead.


Warning: deprecated language construct used in 'camel.stan', line 48, column 12:
   -------------------------------------------------
    46:    Y[8, 2] <- y82; 
    47:    Y[9, 1] <- y91; 
    48:    Y[10, 1] <- y101; 
                     ^
    49:    Y[11, 1] <- y111; 
    50:    Y[12, 1] <- y121; 
   -------------------------------------------------

assignment operator <- is deprecated in the Stan language; use = instead.


Warning: deprecated language construct used in 'camel.stan', line 49, column 12:
   -------------------------------------------------
    47:    Y[9, 1] <- y91; 
    48:    Y[10, 1] <- y101; 
    49:    Y[11, 1] <- y111; 
                     ^
    50:    Y[12, 1] <- y121; 
    51:    Y[9, 2] <- 2; 
   -------------------------------------------------

assignment operator <- is deprecated in the Stan language; use = instead.


Warning: deprecated language construct used in 'camel.stan', line 50, column 12:
   -------------------------------------------------
    48:    Y[10, 1] <- y101; 
    49:    Y[11, 1] <- y111; 
    50:    Y[12, 1] <- y121; 
                     ^
    51:    Y[9, 2] <- 2; 
    52:    Y[10, 2] <- 2; 
   -------------------------------------------------

assignment operator <- is deprecated in the Stan language; use = instead.


Warning: deprecated language construct used in 'camel.stan', line 51, column 11:
   -------------------------------------------------
    49:    Y[11, 1] <- y111; 
    50:    Y[12, 1] <- y121; 
    51:    Y[9, 2] <- 2; 
                    ^
    52:    Y[10, 2] <- 2; 
    53:    Y[11, 2] <- -2; 
   -------------------------------------------------

assignment operator <- is deprecated in the Stan language; use = instead.


Warning: deprecated language construct used in 'camel.stan', line 52, column 12:
   -------------------------------------------------
    50:    Y[12, 1] <- y121; 
    51:    Y[9, 2] <- 2; 
    52:    Y[10, 2] <- 2; 
                     ^
    53:    Y[11, 2] <- -2; 
    54:    Y[12, 2] <- -2; 
   -------------------------------------------------

assignment operator <- is deprecated in the Stan language; use = instead.


Warning: deprecated language construct used in 'camel.stan', line 53, column 12:
   -------------------------------------------------
    51:    Y[9, 2] <- 2; 
    52:    Y[10, 2] <- 2; 
    53:    Y[11, 2] <- -2; 
                     ^
    54:    Y[12, 2] <- -2; 
    55:  
   -------------------------------------------------

assignment operator <- is deprecated in the Stan language; use = instead.


Warning: deprecated language construct used in 'camel.stan', line 54, column 12:
   -------------------------------------------------
    52:    Y[10, 2] <- 2; 
    53:    Y[11, 2] <- -2; 
    54:    Y[12, 2] <- -2; 
                     ^
    55:  
    56:    // instead of Sigma ~ inv_wishart(2, S), 
   -------------------------------------------------

assignment operator <- is deprecated in the Stan language; use = instead.


Warning: deprecated language construct used in 'camel.stan', line 58, column 19:
   -------------------------------------------------
    56:    // instead of Sigma ~ inv_wishart(2, S), 
    57:    // using the prior as in Tanner and Wong (1987) 
    58:    increment_log_prob(-1.5 * log(determinant(Sigma)));  
                            ^
    59:    for (n in 1:12) 
    60:      Y[n] ~ multi_normal(mu, Sigma); 
   -------------------------------------------------

increment_log_prob(...); is deprecated and will be removed in the future. Use target += ...; instead.


Warning: deprecated language construct used in 'camel.stan', line 64, column 7:
   -------------------------------------------------
    62:  generated quantities { 
    63:    real<lower=-1,upper= 1> rho; 
    64:    rho <- Sigma[1, 2] / sqrt(Sigma[1, 1] * Sigma[2, 2]); 
                ^
    65:  } 
   -------------------------------------------------

assignment operator <- is deprecated in the Stan language; use = instead.

  $ ../../../../../../../install/default/bin/stanc --auto_format camel2.stan
transformed data {
  vector[2] Y[4];
  real Y1[4];
  real Y2[4];
  vector[2] mu;
  matrix[2, 2] S;
  mu[1] <- 0;
  mu[2] <- 0;
  S[1, 1] <- 1000;
  S[1, 2] <- 0;
  S[2, 1] <- 0;
  S[2, 2] <- 1000;
  Y[1, 1] <- 1.;
  Y[1, 2] <- 1.;
  Y[2, 1] <- 1.;
  Y[2, 2] <- -1.;
  Y[3, 1] <- -1.;
  Y[3, 2] <- 1.;
  Y[4, 1] <- -1.;
  Y[4, 2] <- -1.;
  Y1[1] <- 2.;
  Y1[2] <- 2.;
  Y1[3] <- -2.;
  Y1[4] <- -2.;
  Y2[1] <- 2.;
  Y2[2] <- 2.;
  Y2[3] <- -2.;
  Y2[4] <- -2.;
}
parameters {
  cov_matrix[2] Sigma;
}
transformed parameters {
  real<lower=-1, upper=1> rho;
  rho <- Sigma[1, 2] / sqrt(Sigma[1, 1] * Sigma[2, 2]);
}
model {
  for (n in 1 : 4) 
    Y[n] ~ multi_normal(mu, Sigma);
  Y1 ~ normal(0, sqrt(Sigma[1, 1]));
  Y2 ~ normal(0, sqrt(Sigma[2, 2]));
  increment_log_prob(-1.5 * log(determinant(Sigma)));
}


Warning: deprecated language construct used in 'camel2.stan', line 15, column 9:
   -------------------------------------------------
    13:    matrix[2, 2] S; 
    14:  
    15:    mu[1] <- 0; 
                  ^
    16:    mu[2] <- 0; 
    17:    S[1, 1] <- 1000; 
   -------------------------------------------------

assignment operator <- is deprecated in the Stan language; use = instead.


Warning: deprecated language construct used in 'camel2.stan', line 16, column 9:
   -------------------------------------------------
    14:  
    15:    mu[1] <- 0; 
    16:    mu[2] <- 0; 
                  ^
    17:    S[1, 1] <- 1000; 
    18:    S[1, 2] <- 0;
   -------------------------------------------------

assignment operator <- is deprecated in the Stan language; use = instead.


Warning: deprecated language construct used in 'camel2.stan', line 17, column 11:
   -------------------------------------------------
    15:    mu[1] <- 0; 
    16:    mu[2] <- 0; 
    17:    S[1, 1] <- 1000; 
                    ^
    18:    S[1, 2] <- 0;
    19:    S[2, 1] <- 0;
   -------------------------------------------------

assignment operator <- is deprecated in the Stan language; use = instead.


Warning: deprecated language construct used in 'camel2.stan', line 18, column 11:
   -------------------------------------------------
    16:    mu[2] <- 0; 
    17:    S[1, 1] <- 1000; 
    18:    S[1, 2] <- 0;
                    ^
    19:    S[2, 1] <- 0;
    20:    S[2, 2] <- 1000;
   -------------------------------------------------

assignment operator <- is deprecated in the Stan language; use = instead.


Warning: deprecated language construct used in 'camel2.stan', line 19, column 11:
   -------------------------------------------------
    17:    S[1, 1] <- 1000; 
    18:    S[1, 2] <- 0;
    19:    S[2, 1] <- 0;
                    ^
    20:    S[2, 2] <- 1000;
    21:  
   -------------------------------------------------

assignment operator <- is deprecated in the Stan language; use = instead.


Warning: deprecated language construct used in 'camel2.stan', line 20, column 11:
   -------------------------------------------------
    18:    S[1, 2] <- 0;
    19:    S[2, 1] <- 0;
    20:    S[2, 2] <- 1000;
                    ^
    21:  
    22:    Y[1, 1] <- 1.; 
   -------------------------------------------------

assignment operator <- is deprecated in the Stan language; use = instead.


Warning: deprecated language construct used in 'camel2.stan', line 22, column 11:
   -------------------------------------------------
    20:    S[2, 2] <- 1000;
    21:  
    22:    Y[1, 1] <- 1.; 
                    ^
    23:    Y[1, 2] <- 1.; 
    24:    Y[2, 1] <- 1.; 
   -------------------------------------------------

assignment operator <- is deprecated in the Stan language; use = instead.


Warning: deprecated language construct used in 'camel2.stan', line 23, column 11:
   -------------------------------------------------
    21:  
    22:    Y[1, 1] <- 1.; 
    23:    Y[1, 2] <- 1.; 
                    ^
    24:    Y[2, 1] <- 1.; 
    25:    Y[2, 2] <- -1.; 
   -------------------------------------------------

assignment operator <- is deprecated in the Stan language; use = instead.


Warning: deprecated language construct used in 'camel2.stan', line 24, column 11:
   -------------------------------------------------
    22:    Y[1, 1] <- 1.; 
    23:    Y[1, 2] <- 1.; 
    24:    Y[2, 1] <- 1.; 
                    ^
    25:    Y[2, 2] <- -1.; 
    26:    Y[3, 1] <- -1.; 
   -------------------------------------------------

assignment operator <- is deprecated in the Stan language; use = instead.


Warning: deprecated language construct used in 'camel2.stan', line 25, column 11:
   -------------------------------------------------
    23:    Y[1, 2] <- 1.; 
    24:    Y[2, 1] <- 1.; 
    25:    Y[2, 2] <- -1.; 
                    ^
    26:    Y[3, 1] <- -1.; 
    27:    Y[3, 2] <- 1.; 
   -------------------------------------------------

assignment operator <- is deprecated in the Stan language; use = instead.


Warning: deprecated language construct used in 'camel2.stan', line 26, column 11:
   -------------------------------------------------
    24:    Y[2, 1] <- 1.; 
    25:    Y[2, 2] <- -1.; 
    26:    Y[3, 1] <- -1.; 
                    ^
    27:    Y[3, 2] <- 1.; 
    28:    Y[4, 1] <- -1.; 
   -------------------------------------------------

assignment operator <- is deprecated in the Stan language; use = instead.


Warning: deprecated language construct used in 'camel2.stan', line 27, column 11:
   -------------------------------------------------
    25:    Y[2, 2] <- -1.; 
    26:    Y[3, 1] <- -1.; 
    27:    Y[3, 2] <- 1.; 
                    ^
    28:    Y[4, 1] <- -1.; 
    29:    Y[4, 2] <- -1.; 
   -------------------------------------------------

assignment operator <- is deprecated in the Stan language; use = instead.


Warning: deprecated language construct used in 'camel2.stan', line 28, column 11:
   -------------------------------------------------
    26:    Y[3, 1] <- -1.; 
    27:    Y[3, 2] <- 1.; 
    28:    Y[4, 1] <- -1.; 
                    ^
    29:    Y[4, 2] <- -1.; 
    30:  
   -------------------------------------------------

assignment operator <- is deprecated in the Stan language; use = instead.


Warning: deprecated language construct used in 'camel2.stan', line 29, column 11:
   -------------------------------------------------
    27:    Y[3, 2] <- 1.; 
    28:    Y[4, 1] <- -1.; 
    29:    Y[4, 2] <- -1.; 
                    ^
    30:  
    31:    Y1[1] <- 2.; 
   -------------------------------------------------

assignment operator <- is deprecated in the Stan language; use = instead.


Warning: deprecated language construct used in 'camel2.stan', line 31, column 9:
   -------------------------------------------------
    29:    Y[4, 2] <- -1.; 
    30:  
    31:    Y1[1] <- 2.; 
                  ^
    32:    Y1[2] <- 2.; 
    33:    Y1[3] <- -2.; 
   -------------------------------------------------

assignment operator <- is deprecated in the Stan language; use = instead.


Warning: deprecated language construct used in 'camel2.stan', line 32, column 9:
   -------------------------------------------------
    30:  
    31:    Y1[1] <- 2.; 
    32:    Y1[2] <- 2.; 
                  ^
    33:    Y1[3] <- -2.; 
    34:    Y1[4] <- -2.; 
   -------------------------------------------------

assignment operator <- is deprecated in the Stan language; use = instead.


Warning: deprecated language construct used in 'camel2.stan', line 33, column 9:
   -------------------------------------------------
    31:    Y1[1] <- 2.; 
    32:    Y1[2] <- 2.; 
    33:    Y1[3] <- -2.; 
                  ^
    34:    Y1[4] <- -2.; 
    35:    
   -------------------------------------------------

assignment operator <- is deprecated in the Stan language; use = instead.


Warning: deprecated language construct used in 'camel2.stan', line 34, column 9:
   -------------------------------------------------
    32:    Y1[2] <- 2.; 
    33:    Y1[3] <- -2.; 
    34:    Y1[4] <- -2.; 
                  ^
    35:    
    36:    Y2[1] <- 2.; 
   -------------------------------------------------

assignment operator <- is deprecated in the Stan language; use = instead.


Warning: deprecated language construct used in 'camel2.stan', line 36, column 9:
   -------------------------------------------------
    34:    Y1[4] <- -2.; 
    35:    
    36:    Y2[1] <- 2.; 
                  ^
    37:    Y2[2] <- 2.; 
    38:    Y2[3] <- -2.; 
   -------------------------------------------------

assignment operator <- is deprecated in the Stan language; use = instead.


Warning: deprecated language construct used in 'camel2.stan', line 37, column 9:
   -------------------------------------------------
    35:    
    36:    Y2[1] <- 2.; 
    37:    Y2[2] <- 2.; 
                  ^
    38:    Y2[3] <- -2.; 
    39:    Y2[4] <- -2.; 
   -------------------------------------------------

assignment operator <- is deprecated in the Stan language; use = instead.


Warning: deprecated language construct used in 'camel2.stan', line 38, column 9:
   -------------------------------------------------
    36:    Y2[1] <- 2.; 
    37:    Y2[2] <- 2.; 
    38:    Y2[3] <- -2.; 
                  ^
    39:    Y2[4] <- -2.; 
    40:  } 
   -------------------------------------------------

assignment operator <- is deprecated in the Stan language; use = instead.


Warning: deprecated language construct used in 'camel2.stan', line 39, column 9:
   -------------------------------------------------
    37:    Y2[2] <- 2.; 
    38:    Y2[3] <- -2.; 
    39:    Y2[4] <- -2.; 
                  ^
    40:  } 
    41:  parameters { 
   -------------------------------------------------

assignment operator <- is deprecated in the Stan language; use = instead.


Warning: deprecated language construct used in 'camel2.stan', line 46, column 7:
   -------------------------------------------------
    44:  transformed parameters {
    45:    real<lower=-1,upper= 1> rho; 
    46:    rho <- Sigma[1, 2] / sqrt(Sigma[1, 1] * Sigma[2, 2]); 
                ^
    47:  } 
    48:  model {
   -------------------------------------------------

assignment operator <- is deprecated in the Stan language; use = instead.


Warning: deprecated language construct used in 'camel2.stan', line 52, column 19:
   -------------------------------------------------
    50:    Y1 ~ normal(0, sqrt(Sigma[1, 1]));
    51:    Y2 ~ normal(0, sqrt(Sigma[2, 2])); 
    52:    increment_log_prob(- 1.5 * log(determinant(Sigma)));
                            ^
    53:  } 
    54:  
   -------------------------------------------------

increment_log_prob(...); is deprecated and will be removed in the future. Use target += ...; instead.

