  $ ../../../../../../install/default/bin/stanc --auto_format funnel.stan
parameters {
  real y;
  vector[9] x;
}
model {
  y ~ normal(0, 3);
  x ~ normal(0, exp(y / 2));
}

  $ ../../../../../../install/default/bin/stanc --auto_format funnel_reparam.stan
parameters {
  real y_raw;
  vector[9] x_raw;
}
transformed parameters {
  real y;
  vector[9] x;
  y <- 3.0 * y_raw;
  x <- exp(y / 2) * x_raw;
}
model {
  y_raw ~ normal(0, 1);
  x_raw ~ normal(0, 1);
}


Warning: deprecated language construct used in 'funnel_reparam.stan', line 9, column 5:
   -------------------------------------------------
     7:    vector[9] x;
     8:  
     9:    y <- 3.0 * y_raw;
              ^
    10:    x <- exp(y/2) * x_raw;
    11:  }
   -------------------------------------------------

assignment operator <- is deprecated in the Stan language; use = instead.


Warning: deprecated language construct used in 'funnel_reparam.stan', line 10, column 5:
   -------------------------------------------------
     8:  
     9:    y <- 3.0 * y_raw;
    10:    x <- exp(y/2) * x_raw;
              ^
    11:  }
    12:  model {
   -------------------------------------------------

assignment operator <- is deprecated in the Stan language; use = instead.

